gplink-1.4.0 #1107 (Feb 13 2015)
Map File - Created 4-21-2015  23:42:50

                                 Section Info
                  Section       Type    Address   Location Size(Bytes)
                ---------  ---------  ---------  ---------  ---------
                   .cinit    romdata   0x001a88    program   0x00000e
                 .idata_i    romdata   0x001a96    program   0x00000a
    .config_300000_MAIN.O    romdata   0x300000    program   0x000001
    .config_300001_MAIN.O    romdata   0x300001    program   0x000001
    .config_300002_MAIN.O    romdata   0x300002    program   0x000001
    .config_300003_MAIN.O    romdata   0x300003    program   0x000001
    .config_300005_MAIN.O    romdata   0x300005    program   0x000001
    .config_300006_MAIN.O    romdata   0x300006    program   0x000001
    .config_300008_MAIN.O    romdata   0x300008    program   0x000001
    .config_300009_MAIN.O    romdata   0x300009    program   0x000001
    .config_30000A_MAIN.O    romdata   0x30000a    program   0x000001
    .config_30000B_MAIN.O    romdata   0x30000b    program   0x000001
    .config_30000C_MAIN.O    romdata   0x30000c    program   0x000001
    .config_30000D_MAIN.O    romdata   0x30000d    program   0x000001
         S_crt0iz___entry       code   0x000000    program   0x000004
S_main_ivec_0x1_high_interrupt       code   0x000008    program   0x000004
S_main_ivec_0x2_low_interrupt       code   0x000018    program   0x000004
S_usb__USB_standard_request       code   0x000020    program   0x00086a
       S_usb__USB_service       code   0x00088a    program   0x0001f8
      S_mullong___mullong       code   0x000a82    program   0x0001b2
      S_usb__USB_EP0_init       code   0x000c34    program   0x00012e
   S_usb_ep__USB_EP2_send       code   0x000d62    program   0x00012e
             S_main__main       code   0x000e90    program   0x00011a
          S_main__process       code   0x000faa    program   0x0000de
   S_main__high_interrupt       code   0x001088    program   0x0000d4
  S_usb__USB_EP0_fill_adr       code   0x00115c    program   0x0000d2
       S_crt0iz___startup       code   0x00122e    program   0x0000ac
 S_usb__USB_EP0_out_token       code   0x0012da    program   0x00009c
          S_rand__do_rand       code   0x001376    program   0x00008c
  S_usb__USB_EP0_in_token       code   0x001402    program   0x00008a
           S_rand__rand_r       code   0x00148c    program   0x000086
   S_usb_ep__USB_EP1_init       code   0x001512    program   0x000068
   S_usb_ep__USB_EP2_init       code   0x00157a    program   0x000066
                    .code       code   0x0015e0    program   0x000060
    S_main__low_interrupt       code   0x001640    program   0x000052
S_usb_ep__USB_EP1_transmission       code   0x001692    program   0x00004a
      S_sdelay___delay_ms       code   0x0016dc    program   0x000046
          S_usb__USB_init       code   0x001722    program   0x000044
      S_sdelay___delay_us       code   0x001766    program   0x000040
    S_gptrget4___gptrget4       code   0x0017a6    program   0x000040
S_usb__USB_wait_for_powerered_state       code   0x0017e6    program   0x00003e
         S_usb__USB_reset       code   0x001824    program   0x00003c
S_eeprom8_gptrput4____eeprom8_gptrput4       code   0x001860    program   0x000038
S_usb__USB_wait_for_configured_state       code   0x001898    program   0x000034
S_eeprom8_gptrget4____eeprom8_gptrget4       code   0x0018cc    program   0x000030
S_usb__USB_clear_all_EP_exept_EP0       code   0x0018fc    program   0x00002c
       S_main__ports_init       code   0x001928    program   0x00002c
     S_main__timer1_start       code   0x001954    program   0x000022
    S_gptrput4___gptrput4       code   0x001976    program   0x000022
    S_gptrget1___gptrget1       code   0x001998    program   0x000022
 S_usb__USB_request_error       code   0x0019ba    program   0x000020
S_eeprom8_gptrput1____eeprom8_gptrput1       code   0x0019da    program   0x000020
            S_rand__srand       code   0x0019fa    program   0x00001a
S_eeprom8_gptrget1____eeprom8_gptrget1       code   0x001a14    program   0x000018
S_usb__USB_configuration0_endps_init       code   0x001a2c    program   0x000016
    S_gptrput1___gptrput1       code   0x001a42    program   0x000016
             S_rand__rand       code   0x001a58    program   0x000012
S_eeprom8_write____eeprom8_write       code   0x001a6a    program   0x000010
S_usb_ep__USB_EP2_transmission       code   0x001a7a    program   0x00000e
 S___eeprom_gptrget1_stub       code   0x001aa0    program   0x000004
 S___eeprom_gptrget4_stub       code   0x001aa4    program   0x000004
 S___eeprom_gptrput1_stub       code   0x001aa8    program   0x000004
 S___eeprom_gptrput4_stub       code   0x001aac    program   0x000004
                   .idata      idata   0x000480       data   0x000009
               .registers      udata   0x000000       data   0x00000c
            stack_section      udata   0x000100       data   0x000100
                   usb_bd      udata   0x000400       data   0x000080
              udata_usb_1      udata   0x000489       data   0x000004
             udata_main_0      udata   0x00048d       data   0x000004
             udata_rand_0      udata   0x000491       data   0x000004
          udata_mullong_0      udata   0x000495       data   0x000004
          udata_mullong_1      udata   0x000499       data   0x000004
          udata_mullong_2      udata   0x00049d       data   0x000004
          udata_mullong_3      udata   0x0004a1       data   0x000004
          udata_mullong_4      udata   0x0004a5       data   0x000004
              udata_usb_0      udata   0x0004a9       data   0x000002
              udata_usb_2      udata   0x0004ab       data   0x000001
             udata_main_1      udata   0x0004ac       data   0x000001
             udata_main_2      udata   0x0004ad       data   0x000001
                 usb_buff      udata   0x000500       data   0x000080
                databank6      udata   0x000600       data   0x000080
      ustat_pic18f2550_00      udata   0x000f66       data   0x00001d
      ustat_pic18f2550_01      udata   0x000f84       data   0x000001
      ustat_pic18f2550_02      udata   0x000f89       data   0x000003
      ustat_pic18f2550_03      udata   0x000f92       data   0x000003
      ustat_pic18f2550_04      udata   0x000f9b       data   0x000001
      ustat_pic18f2550_05      udata   0x000f9d       data   0x000006
      ustat_pic18f2550_06      udata   0x000fa6       data   0x000004
      ustat_pic18f2550_07      udata   0x000fab       data   0x00000e
      ustat_pic18f2550_08      udata   0x000fba       data   0x00001a
      ustat_pic18f2550_09      udata   0x000fd5       data   0x00002b



                              Program Memory Usage
                               Start         End
                           ---------   ---------
                            0x0016dc    0x001721
                            0x001766    0x0017a5
                            0x001898    0x0018cb
                            0x00088a    0x000a81
                            0x0017e6    0x001823
                            0x001824    0x00185f
                            0x001722    0x001765
                            0x0012da    0x001375
                            0x001402    0x00148b
                            0x000c34    0x000d61
                            0x000020    0x000889
                            0x0019ba    0x0019d9
                            0x00115c    0x00122d
                            0x0018fc    0x001927
                            0x001a2c    0x001a41
                            0x0015e0    0x00163f
                            0x001692    0x0016db
                            0x001a7a    0x001a87
                            0x000d62    0x000e8f
                            0x00157a    0x0015df
                            0x001512    0x001579
                            0x001a96    0x001a9f
                            0x000008    0x00000b
                            0x000018    0x00001b
                            0x000e90    0x000fa9
                            0x001954    0x001975
                            0x001928    0x001953
                            0x000faa    0x001087
                            0x001640    0x001691
                            0x001088    0x00115b
                            0x300000    0x300000
                            0x300001    0x300001
                            0x300002    0x300002
                            0x300003    0x300003
                            0x300005    0x300005
                            0x300006    0x300006
                            0x300008    0x300008
                            0x300009    0x300009
                            0x30000a    0x30000a
                            0x30000b    0x30000b
                            0x30000c    0x30000c
                            0x30000d    0x30000d
                            0x000000    0x000003
                            0x00122e    0x0012d9
                            0x0019fa    0x001a13
                            0x001a58    0x001a69
                            0x00148c    0x001511
                            0x001376    0x001401
                            0x000a82    0x000c33
                            0x001a42    0x001a57
                            0x001976    0x001997
                            0x001998    0x0019b9
                            0x0017a6    0x0017e5
                            0x001aa0    0x001aa3
                            0x001aa4    0x001aa7
                            0x001aa8    0x001aab
                            0x001aac    0x001aaf
                            0x0019da    0x0019f9
                            0x001860    0x001897
                            0x001a6a    0x001a79
                            0x001a14    0x001a2b
                            0x0018cc    0x0018fb
                            0x001a88    0x001a95
                            6824 program addresses used



                              Symbols - Sorted by Name
                     Name    Address   Location    Storage File
                ---------  ---------  ---------  --------- ---------
               _00105_DS_   0x001782    program     static ../include/sdelay/sdelay.c
               _00106_DS_   0x001528    program     static usb_ep.c
               _00106_DS_   0x0010cc    program     static main.c
               _00107_DS_   0x0010d4    program     static main.c
               _00109_DS_   0x0010f0    program     static main.c
               _00111_DS_   0x0010fa    program     static main.c
               _00113_DS_   0x0016f8    program     static ../include/sdelay/sdelay.c
               _00115_DS_   0x001114    program     static main.c
               _00117_DS_   0x001122    program     static main.c
               _00119_DS_   0x0011a4    program     static ../include/usb/usb.c
               _00121_DS_   0x00120a    program     static ../include/usb/usb.c
               _00121_DS_   0x001106    program     static main.c
               _00122_DS_   0x001130    program     static main.c
               _00123_DS_   0x0011ba    program     static ../include/usb/usb.c
               _00123_DS_   0x001590    program     static usb_ep.c
               _00129_DS_   0x0011b6    program     static ../include/usb/usb.c
               _00138_DS_   0x0011f0    program     static ../include/usb/usb.c
               _00139_DS_   0x000dca    program     static usb_ep.c
               _00148_DS_   0x0000fa    program     static ../include/usb/usb.c
               _00148_DS_   0x000db4    program     static usb_ep.c
               _00149_DS_   0x00013e    program     static ../include/usb/usb.c
               _00150_DS_   0x000166    program     static ../include/usb/usb.c
               _00151_DS_   0x000de6    program     static usb_ep.c
               _00153_DS_   0x000e5a    program     static usb_ep.c
               _00155_DS_   0x001110    program     static main.c
               _00156_DS_   0x0001c6    program     static ../include/usb/usb.c
               _00157_DS_   0x0001fe    program     static ../include/usb/usb.c
               _00158_DS_   0x00111e    program     static main.c
               _00160_DS_   0x000258    program     static ../include/usb/usb.c
               _00160_DS_   0x000e2a    program     static usb_ep.c
               _00161_DS_   0x00112c    program     static main.c
               _00168_DS_   0x00030e    program     static ../include/usb/usb.c
               _00170_DS_   0x000342    program     static ../include/usb/usb.c
               _00171_DS_   0x000362    program     static ../include/usb/usb.c
               _00171_DS_   0x000e22    program     static usb_ep.c
               _00172_DS_   0x001050    program     static main.c
               _00174_DS_   0x0003aa    program     static ../include/usb/usb.c
               _00175_DS_   0x00106a    program     static main.c
               _00178_DS_   0x0003ca    program     static ../include/usb/usb.c
               _00179_DS_   0x000404    program     static ../include/usb/usb.c
               _00182_DS_   0x00040e    program     static ../include/usb/usb.c
               _00186_DS_   0x000ff0    program     static main.c
               _00188_DS_   0x000498    program     static ../include/usb/usb.c
               _00194_DS_   0x0004d2    program     static ../include/usb/usb.c
               _00197_DS_   0x000506    program     static ../include/usb/usb.c
               _00198_DS_   0x00055a    program     static ../include/usb/usb.c
               _00200_DS_   0x000580    program     static ../include/usb/usb.c
               _00201_DS_   0x000ed6    program     static main.c
               _00202_DS_   0x0005a6    program     static ../include/usb/usb.c
               _00203_DS_   0x0005f4    program     static ../include/usb/usb.c
               _00204_DS_   0x00061a    program     static ../include/usb/usb.c
               _00204_DS_   0x000ee0    program     static main.c
               _00205_DS_   0x000640    program     static ../include/usb/usb.c
               _00206_DS_   0x000666    program     static ../include/usb/usb.c
               _00207_DS_   0x000efa    program     static main.c
               _00211_DS_   0x00068c    program     static ../include/usb/usb.c
               _00212_DS_   0x0006b2    program     static ../include/usb/usb.c
               _00213_DS_   0x0006d6    program     static ../include/usb/usb.c
               _00214_DS_   0x0006e4    program     static ../include/usb/usb.c
               _00214_DS_   0x000eca    program     static main.c
               _00217_DS_   0x000700    program     static ../include/usb/usb.c
               _00223_DS_   0x000758    program     static ../include/usb/usb.c
               _00231_DS_   0x00078c    program     static ../include/usb/usb.c
               _00232_DS_   0x00078e    program     static ../include/usb/usb.c
               _00234_DS_   0x0007ea    program     static ../include/usb/usb.c
               _00237_DS_   0x000822    program     static ../include/usb/usb.c
               _00240_DS_   0x00083c    program     static ../include/usb/usb.c
               _00241_DS_   0x000840    program     static ../include/usb/usb.c
               _00242_DS_   0x000854    program     static ../include/usb/usb.c
               _00243_DS_   0x000858    program     static ../include/usb/usb.c
               _00245_DS_   0x000234    program     static ../include/usb/usb.c
               _00246_DS_   0x000238    program     static ../include/usb/usb.c
               _00247_DS_   0x0002ba    program     static ../include/usb/usb.c
               _00248_DS_   0x0002d8    program     static ../include/usb/usb.c
               _00249_DS_   0x000434    program     static ../include/usb/usb.c
               _00250_DS_   0x000452    program     static ../include/usb/usb.c
               _00251_DS_   0x000486    program     static ../include/usb/usb.c
               _00252_DS_   0x00048a    program     static ../include/usb/usb.c
               _00253_DS_   0x0004c0    program     static ../include/usb/usb.c
               _00254_DS_   0x0004c4    program     static ../include/usb/usb.c
               _00373_DS_   0x0000c6    program     static ../include/usb/usb.c
               _00376_DS_   0x000132    program     static ../include/usb/usb.c
               _00378_DS_   0x00017c    program     static ../include/usb/usb.c
               _00380_DS_   0x000184    program     static ../include/usb/usb.c
               _00395_DS_   0x00035e    program     static ../include/usb/usb.c
               _00397_DS_   0x000384    program     static ../include/usb/usb.c
               _00399_DS_   0x00038a    program     static ../include/usb/usb.c
               _00417_DS_   0x00054e    program     static ../include/usb/usb.c
               _00419_DS_   0x0005e4    program     static ../include/usb/usb.c
               _00425_DS_   0x000714    program     static ../include/usb/usb.c
               _00427_DS_   0x000732    program     static ../include/usb/usb.c
               _00429_DS_   0x00076c    program     static ../include/usb/usb.c
               _00431_DS_   0x00078a    program     static ../include/usb/usb.c
               _00433_DS_   0x000816    program     static ../include/usb/usb.c
               _00434_DS_   0x000818    program     static ../include/usb/usb.c
               _00441_DS_   0x000c6e    program     static ../include/usb/usb.c
               _00443_DS_   0x000cd8    program     static ../include/usb/usb.c
               _00468_DS_   0x001436    program     static ../include/usb/usb.c
               _00469_DS_   0x001442    program     static ../include/usb/usb.c
               _00471_DS_   0x001444    program     static ../include/usb/usb.c
               _00473_DS_   0x00147c    program     static ../include/usb/usb.c
               _00475_DS_   0x001482    program     static ../include/usb/usb.c
               _00492_DS_   0x001336    program     static ../include/usb/usb.c
               _00493_DS_   0x001348    program     static ../include/usb/usb.c
               _00494_DS_   0x00134e    program     static ../include/usb/usb.c
               _00495_DS_   0x001354    program     static ../include/usb/usb.c
               _00496_DS_   0x001358    program     static ../include/usb/usb.c
               _00498_DS_   0x00135c    program     static ../include/usb/usb.c
               _00500_DS_   0x001360    program     static ../include/usb/usb.c
               _00515_DS_   0x001304    program     static ../include/usb/usb.c
               _00527_DS_   0x001732    program     static ../include/usb/usb.c
               _00529_DS_   0x00173a    program     static ../include/usb/usb.c
               _00542_DS_   0x001806    program     static ../include/usb/usb.c
               _00545_DS_   0x00181a    program     static ../include/usb/usb.c
               _00561_DS_   0x0008b2    program     static ../include/usb/usb.c
               _00564_DS_   0x000960    program     static ../include/usb/usb.c
               _00566_DS_   0x0009dc    program     static ../include/usb/usb.c
               _00568_DS_   0x000a4c    program     static ../include/usb/usb.c
               _00569_DS_   0x000a52    program     static ../include/usb/usb.c
               _00570_DS_   0x000a56    program     static ../include/usb/usb.c
               _00573_DS_   0x00091c    program     static ../include/usb/usb.c
               _00579_DS_   0x000914    program     static ../include/usb/usb.c
               _00582_DS_   0x00090a    program     static ../include/usb/usb.c
               _00585_DS_   0x000902    program     static ../include/usb/usb.c
               _00588_DS_   0x0008fa    program     static ../include/usb/usb.c
               _00591_DS_   0x0008ee    program     static ../include/usb/usb.c
               _00594_DS_   0x0008ba    program     static ../include/usb/usb.c
               _00598_DS_   0x00098e    program     static ../include/usb/usb.c
               _00601_DS_   0x00099c    program     static ../include/usb/usb.c
               _00603_DS_   0x0009d4    program     static ../include/usb/usb.c
               _00606_DS_   0x000a20    program     static ../include/usb/usb.c
               _00607_DS_   0x000a32    program     static ../include/usb/usb.c
               _00608_DS_   0x000a38    program     static ../include/usb/usb.c
               _00609_DS_   0x000a3e    program     static ../include/usb/usb.c
               _00610_DS_   0x000a42    program     static ../include/usb/usb.c
               _00612_DS_   0x000a46    program     static ../include/usb/usb.c
               _00615_DS_   0x000a68    program     static ../include/usb/usb.c
               _00683_DS_   0x000954    program     static ../include/usb/usb.c
               _00690_DS_   0x0009ee    program     static ../include/usb/usb.c
               _00703_DS_   0x0018a8    program     static ../include/usb/usb.c
               _00706_DS_   0x0018c2    program     static ../include/usb/usb.c
                  _ADCON0   0x000fc2       data     extern libdev18f2550_a-pic18f2550.asm
              _ADCON0bits   0x000fc2       data     extern libdev18f2550_a-pic18f2550.asm
                  _ADCON1   0x000fc1       data     extern libdev18f2550_a-pic18f2550.asm
              _ADCON1bits   0x000fc1       data     extern libdev18f2550_a-pic18f2550.asm
                  _ADCON2   0x000fc0       data     extern libdev18f2550_a-pic18f2550.asm
              _ADCON2bits   0x000fc0       data     extern libdev18f2550_a-pic18f2550.asm
                   _ADRES   0x000fc3       data     extern libdev18f2550_a-pic18f2550.asm
                  _ADRESH   0x000fc4       data     extern libdev18f2550_a-pic18f2550.asm
                  _ADRESL   0x000fc3       data     extern libdev18f2550_a-pic18f2550.asm
                 _BAUDCON   0x000fb8       data     extern libdev18f2550_a-pic18f2550.asm
             _BAUDCONbits   0x000fb8       data     extern libdev18f2550_a-pic18f2550.asm
                 _BAUDCTL   0x000fb8       data     extern libdev18f2550_a-pic18f2550.asm
             _BAUDCTLbits   0x000fb8       data     extern libdev18f2550_a-pic18f2550.asm
                     _BSR   0x000fe0       data     extern libdev18f2550_a-pic18f2550.asm
                  _CCP1AS   0x000fb6       data     extern libdev18f2550_a-pic18f2550.asm
              _CCP1ASbits   0x000fb6       data     extern libdev18f2550_a-pic18f2550.asm
                 _CCP1CON   0x000fbd       data     extern libdev18f2550_a-pic18f2550.asm
             _CCP1CONbits   0x000fbd       data     extern libdev18f2550_a-pic18f2550.asm
                 _CCP1DEL   0x000fb7       data     extern libdev18f2550_a-pic18f2550.asm
             _CCP1DELbits   0x000fb7       data     extern libdev18f2550_a-pic18f2550.asm
                 _CCP2CON   0x000fba       data     extern libdev18f2550_a-pic18f2550.asm
             _CCP2CONbits   0x000fba       data     extern libdev18f2550_a-pic18f2550.asm
                   _CCPR1   0x000fbe       data     extern libdev18f2550_a-pic18f2550.asm
                  _CCPR1H   0x000fbf       data     extern libdev18f2550_a-pic18f2550.asm
                  _CCPR1L   0x000fbe       data     extern libdev18f2550_a-pic18f2550.asm
                   _CCPR2   0x000fbb       data     extern libdev18f2550_a-pic18f2550.asm
                  _CCPR2H   0x000fbc       data     extern libdev18f2550_a-pic18f2550.asm
                  _CCPR2L   0x000fbb       data     extern libdev18f2550_a-pic18f2550.asm
                   _CMCON   0x000fb4       data     extern libdev18f2550_a-pic18f2550.asm
               _CMCONbits   0x000fb4       data     extern libdev18f2550_a-pic18f2550.asm
                  _CVRCON   0x000fb5       data     extern libdev18f2550_a-pic18f2550.asm
              _CVRCONbits   0x000fb5       data     extern libdev18f2550_a-pic18f2550.asm
                    _DDRA   0x000f92       data     extern libdev18f2550_a-pic18f2550.asm
                _DDRAbits   0x000f92       data     extern libdev18f2550_a-pic18f2550.asm
                    _DDRB   0x000f93       data     extern libdev18f2550_a-pic18f2550.asm
                _DDRBbits   0x000f93       data     extern libdev18f2550_a-pic18f2550.asm
                    _DDRC   0x000f94       data     extern libdev18f2550_a-pic18f2550.asm
                _DDRCbits   0x000f94       data     extern libdev18f2550_a-pic18f2550.asm
                 _ECCP1AS   0x000fb6       data     extern libdev18f2550_a-pic18f2550.asm
             _ECCP1ASbits   0x000fb6       data     extern libdev18f2550_a-pic18f2550.asm
                _ECCP1DEL   0x000fb7       data     extern libdev18f2550_a-pic18f2550.asm
            _ECCP1DELbits   0x000fb7       data     extern libdev18f2550_a-pic18f2550.asm
                   _EEADR   0x000fa9       data     extern libdev18f2550_a-pic18f2550.asm
                  _EECON1   0x000fa6       data     extern libdev18f2550_a-pic18f2550.asm
              _EECON1bits   0x000fa6       data     extern libdev18f2550_a-pic18f2550.asm
                  _EECON2   0x000fa7       data     extern libdev18f2550_a-pic18f2550.asm
                  _EEDATA   0x000fa8       data     extern libdev18f2550_a-pic18f2550.asm
                   _FSR0H   0x000fea       data     extern libdev18f2550_a-pic18f2550.asm
                   _FSR0L   0x000fe9       data     extern libdev18f2550_a-pic18f2550.asm
                   _FSR1H   0x000fe2       data     extern libdev18f2550_a-pic18f2550.asm
                   _FSR1L   0x000fe1       data     extern libdev18f2550_a-pic18f2550.asm
                   _FSR2H   0x000fda       data     extern libdev18f2550_a-pic18f2550.asm
                   _FSR2L   0x000fd9       data     extern libdev18f2550_a-pic18f2550.asm
                 _HLVDCON   0x000fd2       data     extern libdev18f2550_a-pic18f2550.asm
             _HLVDCONbits   0x000fd2       data     extern libdev18f2550_a-pic18f2550.asm
                   _INDF0   0x000fef       data     extern libdev18f2550_a-pic18f2550.asm
                   _INDF1   0x000fe7       data     extern libdev18f2550_a-pic18f2550.asm
                   _INDF2   0x000fdf       data     extern libdev18f2550_a-pic18f2550.asm
                  _INTCON   0x000ff2       data     extern libdev18f2550_a-pic18f2550.asm
                 _INTCON2   0x000ff1       data     extern libdev18f2550_a-pic18f2550.asm
             _INTCON2bits   0x000ff1       data     extern libdev18f2550_a-pic18f2550.asm
                 _INTCON3   0x000ff0       data     extern libdev18f2550_a-pic18f2550.asm
             _INTCON3bits   0x000ff0       data     extern libdev18f2550_a-pic18f2550.asm
              _INTCONbits   0x000ff2       data     extern libdev18f2550_a-pic18f2550.asm
                    _IPR1   0x000f9f       data     extern libdev18f2550_a-pic18f2550.asm
                _IPR1bits   0x000f9f       data     extern libdev18f2550_a-pic18f2550.asm
                    _IPR2   0x000fa2       data     extern libdev18f2550_a-pic18f2550.asm
                _IPR2bits   0x000fa2       data     extern libdev18f2550_a-pic18f2550.asm
                    _LATA   0x000f89       data     extern libdev18f2550_a-pic18f2550.asm
                _LATAbits   0x000f89       data     extern libdev18f2550_a-pic18f2550.asm
                    _LATB   0x000f8a       data     extern libdev18f2550_a-pic18f2550.asm
                _LATBbits   0x000f8a       data     extern libdev18f2550_a-pic18f2550.asm
                    _LATC   0x000f8b       data     extern libdev18f2550_a-pic18f2550.asm
                _LATCbits   0x000f8b       data     extern libdev18f2550_a-pic18f2550.asm
                  _LVDCON   0x000fd2       data     extern libdev18f2550_a-pic18f2550.asm
              _LVDCONbits   0x000fd2       data     extern libdev18f2550_a-pic18f2550.asm
                  _OSCCON   0x000fd3       data     extern libdev18f2550_a-pic18f2550.asm
              _OSCCONbits   0x000fd3       data     extern libdev18f2550_a-pic18f2550.asm
                 _OSCTUNE   0x000f9b       data     extern libdev18f2550_a-pic18f2550.asm
             _OSCTUNEbits   0x000f9b       data     extern libdev18f2550_a-pic18f2550.asm
                      _PC   0x000ff9       data     extern libdev18f2550_a-pic18f2550.asm
                     _PCL   0x000ff9       data     extern libdev18f2550_a-pic18f2550.asm
                  _PCLATH   0x000ffa       data     extern libdev18f2550_a-pic18f2550.asm
                  _PCLATU   0x000ffb       data     extern libdev18f2550_a-pic18f2550.asm
                    _PIE1   0x000f9d       data     extern libdev18f2550_a-pic18f2550.asm
                _PIE1bits   0x000f9d       data     extern libdev18f2550_a-pic18f2550.asm
                    _PIE2   0x000fa0       data     extern libdev18f2550_a-pic18f2550.asm
                _PIE2bits   0x000fa0       data     extern libdev18f2550_a-pic18f2550.asm
                    _PIR1   0x000f9e       data     extern libdev18f2550_a-pic18f2550.asm
                _PIR1bits   0x000f9e       data     extern libdev18f2550_a-pic18f2550.asm
                    _PIR2   0x000fa1       data     extern libdev18f2550_a-pic18f2550.asm
                _PIR2bits   0x000fa1       data     extern libdev18f2550_a-pic18f2550.asm
                  _PLUSW0   0x000feb       data     extern libdev18f2550_a-pic18f2550.asm
                  _PLUSW1   0x000fe3       data     extern libdev18f2550_a-pic18f2550.asm
                  _PLUSW2   0x000fdb       data     extern libdev18f2550_a-pic18f2550.asm
                   _PORTA   0x000f80       data     extern libdev18f2550_a-pic18f2550.asm
               _PORTAbits   0x000f80       data     extern libdev18f2550_a-pic18f2550.asm
                   _PORTB   0x000f81       data     extern libdev18f2550_a-pic18f2550.asm
               _PORTBbits   0x000f81       data     extern libdev18f2550_a-pic18f2550.asm
                   _PORTC   0x000f82       data     extern libdev18f2550_a-pic18f2550.asm
               _PORTCbits   0x000f82       data     extern libdev18f2550_a-pic18f2550.asm
                   _PORTE   0x000f84       data     extern libdev18f2550_a-pic18f2550.asm
               _PORTEbits   0x000f84       data     extern libdev18f2550_a-pic18f2550.asm
                _POSTDEC0   0x000fed       data     extern libdev18f2550_a-pic18f2550.asm
                _POSTDEC1   0x000fe5       data     extern libdev18f2550_a-pic18f2550.asm
                _POSTDEC2   0x000fdd       data     extern libdev18f2550_a-pic18f2550.asm
                _POSTINC0   0x000fee       data     extern libdev18f2550_a-pic18f2550.asm
                _POSTINC1   0x000fe6       data     extern libdev18f2550_a-pic18f2550.asm
                _POSTINC2   0x000fde       data     extern libdev18f2550_a-pic18f2550.asm
                     _PR2   0x000fcb       data     extern libdev18f2550_a-pic18f2550.asm
                 _PREINC0   0x000fec       data     extern libdev18f2550_a-pic18f2550.asm
                 _PREINC1   0x000fe4       data     extern libdev18f2550_a-pic18f2550.asm
                 _PREINC2   0x000fdc       data     extern libdev18f2550_a-pic18f2550.asm
                    _PROD   0x000ff3       data     extern libdev18f2550_a-pic18f2550.asm
                   _PRODH   0x000ff4       data     extern libdev18f2550_a-pic18f2550.asm
                   _PRODL   0x000ff3       data     extern libdev18f2550_a-pic18f2550.asm
                    _RCON   0x000fd0       data     extern libdev18f2550_a-pic18f2550.asm
                _RCONbits   0x000fd0       data     extern libdev18f2550_a-pic18f2550.asm
                   _RCREG   0x000fae       data     extern libdev18f2550_a-pic18f2550.asm
                   _RCSTA   0x000fab       data     extern libdev18f2550_a-pic18f2550.asm
               _RCSTAbits   0x000fab       data     extern libdev18f2550_a-pic18f2550.asm
                   _SPBRG   0x000faf       data     extern libdev18f2550_a-pic18f2550.asm
                  _SPBRGH   0x000fb0       data     extern libdev18f2550_a-pic18f2550.asm
                  _SSPADD   0x000fc8       data     extern libdev18f2550_a-pic18f2550.asm
                  _SSPBUF   0x000fc9       data     extern libdev18f2550_a-pic18f2550.asm
                 _SSPCON1   0x000fc6       data     extern libdev18f2550_a-pic18f2550.asm
             _SSPCON1bits   0x000fc6       data     extern libdev18f2550_a-pic18f2550.asm
                 _SSPCON2   0x000fc5       data     extern libdev18f2550_a-pic18f2550.asm
             _SSPCON2bits   0x000fc5       data     extern libdev18f2550_a-pic18f2550.asm
                 _SSPSTAT   0x000fc7       data     extern libdev18f2550_a-pic18f2550.asm
             _SSPSTATbits   0x000fc7       data     extern libdev18f2550_a-pic18f2550.asm
                  _STATUS   0x000fd8       data     extern libdev18f2550_a-pic18f2550.asm
              _STATUSbits   0x000fd8       data     extern libdev18f2550_a-pic18f2550.asm
                  _STKPTR   0x000ffc       data     extern libdev18f2550_a-pic18f2550.asm
              _STKPTRbits   0x000ffc       data     extern libdev18f2550_a-pic18f2550.asm
                   _T0CON   0x000fd5       data     extern libdev18f2550_a-pic18f2550.asm
               _T0CONbits   0x000fd5       data     extern libdev18f2550_a-pic18f2550.asm
                   _T1CON   0x000fcd       data     extern libdev18f2550_a-pic18f2550.asm
               _T1CONbits   0x000fcd       data     extern libdev18f2550_a-pic18f2550.asm
                   _T2CON   0x000fca       data     extern libdev18f2550_a-pic18f2550.asm
               _T2CONbits   0x000fca       data     extern libdev18f2550_a-pic18f2550.asm
                   _T3CON   0x000fb1       data     extern libdev18f2550_a-pic18f2550.asm
               _T3CONbits   0x000fb1       data     extern libdev18f2550_a-pic18f2550.asm
                  _TABLAT   0x000ff5       data     extern libdev18f2550_a-pic18f2550.asm
                  _TBLPTR   0x000ff6       data     extern libdev18f2550_a-pic18f2550.asm
                 _TBLPTRH   0x000ff7       data     extern libdev18f2550_a-pic18f2550.asm
                 _TBLPTRL   0x000ff6       data     extern libdev18f2550_a-pic18f2550.asm
                 _TBLPTRU   0x000ff8       data     extern libdev18f2550_a-pic18f2550.asm
                    _TMR0   0x000fd6       data     extern libdev18f2550_a-pic18f2550.asm
                   _TMR0H   0x000fd7       data     extern libdev18f2550_a-pic18f2550.asm
                   _TMR0L   0x000fd6       data     extern libdev18f2550_a-pic18f2550.asm
                    _TMR1   0x000fce       data     extern libdev18f2550_a-pic18f2550.asm
                   _TMR1H   0x000fcf       data     extern libdev18f2550_a-pic18f2550.asm
                   _TMR1L   0x000fce       data     extern libdev18f2550_a-pic18f2550.asm
                    _TMR2   0x000fcc       data     extern libdev18f2550_a-pic18f2550.asm
                    _TMR3   0x000fb2       data     extern libdev18f2550_a-pic18f2550.asm
                   _TMR3H   0x000fb3       data     extern libdev18f2550_a-pic18f2550.asm
                   _TMR3L   0x000fb2       data     extern libdev18f2550_a-pic18f2550.asm
                     _TOS   0x000ffd       data     extern libdev18f2550_a-pic18f2550.asm
                    _TOSH   0x000ffe       data     extern libdev18f2550_a-pic18f2550.asm
                    _TOSL   0x000ffd       data     extern libdev18f2550_a-pic18f2550.asm
                    _TOSU   0x000fff       data     extern libdev18f2550_a-pic18f2550.asm
                   _TRISA   0x000f92       data     extern libdev18f2550_a-pic18f2550.asm
               _TRISAbits   0x000f92       data     extern libdev18f2550_a-pic18f2550.asm
                   _TRISB   0x000f93       data     extern libdev18f2550_a-pic18f2550.asm
               _TRISBbits   0x000f93       data     extern libdev18f2550_a-pic18f2550.asm
                   _TRISC   0x000f94       data     extern libdev18f2550_a-pic18f2550.asm
               _TRISCbits   0x000f94       data     extern libdev18f2550_a-pic18f2550.asm
                   _TXREG   0x000fad       data     extern libdev18f2550_a-pic18f2550.asm
                   _TXSTA   0x000fac       data     extern libdev18f2550_a-pic18f2550.asm
               _TXSTAbits   0x000fac       data     extern libdev18f2550_a-pic18f2550.asm
                   _UADDR   0x000f6e       data     extern libdev18f2550_a-pic18f2550.asm
               _UADDRbits   0x000f6e       data     extern libdev18f2550_a-pic18f2550.asm
                    _UCFG   0x000f6f       data     extern libdev18f2550_a-pic18f2550.asm
                _UCFGbits   0x000f6f       data     extern libdev18f2550_a-pic18f2550.asm
                    _UCON   0x000f6d       data     extern libdev18f2550_a-pic18f2550.asm
                _UCONbits   0x000f6d       data     extern libdev18f2550_a-pic18f2550.asm
                    _UEIE   0x000f6b       data     extern libdev18f2550_a-pic18f2550.asm
                _UEIEbits   0x000f6b       data     extern libdev18f2550_a-pic18f2550.asm
                    _UEIR   0x000f6a       data     extern libdev18f2550_a-pic18f2550.asm
                _UEIRbits   0x000f6a       data     extern libdev18f2550_a-pic18f2550.asm
                    _UEP0   0x000f70       data     extern libdev18f2550_a-pic18f2550.asm
                _UEP0bits   0x000f70       data     extern libdev18f2550_a-pic18f2550.asm
                    _UEP1   0x000f71       data     extern libdev18f2550_a-pic18f2550.asm
                   _UEP10   0x000f7a       data     extern libdev18f2550_a-pic18f2550.asm
               _UEP10bits   0x000f7a       data     extern libdev18f2550_a-pic18f2550.asm
                   _UEP11   0x000f7b       data     extern libdev18f2550_a-pic18f2550.asm
               _UEP11bits   0x000f7b       data     extern libdev18f2550_a-pic18f2550.asm
                   _UEP12   0x000f7c       data     extern libdev18f2550_a-pic18f2550.asm
               _UEP12bits   0x000f7c       data     extern libdev18f2550_a-pic18f2550.asm
                   _UEP13   0x000f7d       data     extern libdev18f2550_a-pic18f2550.asm
               _UEP13bits   0x000f7d       data     extern libdev18f2550_a-pic18f2550.asm
                   _UEP14   0x000f7e       data     extern libdev18f2550_a-pic18f2550.asm
               _UEP14bits   0x000f7e       data     extern libdev18f2550_a-pic18f2550.asm
                   _UEP15   0x000f7f       data     extern libdev18f2550_a-pic18f2550.asm
               _UEP15bits   0x000f7f       data     extern libdev18f2550_a-pic18f2550.asm
                _UEP1bits   0x000f71       data     extern libdev18f2550_a-pic18f2550.asm
                    _UEP2   0x000f72       data     extern libdev18f2550_a-pic18f2550.asm
                _UEP2bits   0x000f72       data     extern libdev18f2550_a-pic18f2550.asm
                    _UEP3   0x000f73       data     extern libdev18f2550_a-pic18f2550.asm
                _UEP3bits   0x000f73       data     extern libdev18f2550_a-pic18f2550.asm
                    _UEP4   0x000f74       data     extern libdev18f2550_a-pic18f2550.asm
                _UEP4bits   0x000f74       data     extern libdev18f2550_a-pic18f2550.asm
                    _UEP5   0x000f75       data     extern libdev18f2550_a-pic18f2550.asm
                _UEP5bits   0x000f75       data     extern libdev18f2550_a-pic18f2550.asm
                    _UEP6   0x000f76       data     extern libdev18f2550_a-pic18f2550.asm
                _UEP6bits   0x000f76       data     extern libdev18f2550_a-pic18f2550.asm
                    _UEP7   0x000f77       data     extern libdev18f2550_a-pic18f2550.asm
                _UEP7bits   0x000f77       data     extern libdev18f2550_a-pic18f2550.asm
                    _UEP8   0x000f78       data     extern libdev18f2550_a-pic18f2550.asm
                _UEP8bits   0x000f78       data     extern libdev18f2550_a-pic18f2550.asm
                    _UEP9   0x000f79       data     extern libdev18f2550_a-pic18f2550.asm
                _UEP9bits   0x000f79       data     extern libdev18f2550_a-pic18f2550.asm
                    _UFRM   0x000f66       data     extern libdev18f2550_a-pic18f2550.asm
                   _UFRMH   0x000f67       data     extern libdev18f2550_a-pic18f2550.asm
               _UFRMHbits   0x000f67       data     extern libdev18f2550_a-pic18f2550.asm
                   _UFRML   0x000f66       data     extern libdev18f2550_a-pic18f2550.asm
               _UFRMLbits   0x000f66       data     extern libdev18f2550_a-pic18f2550.asm
                     _UIE   0x000f69       data     extern libdev18f2550_a-pic18f2550.asm
                 _UIEbits   0x000f69       data     extern libdev18f2550_a-pic18f2550.asm
                     _UIR   0x000f68       data     extern libdev18f2550_a-pic18f2550.asm
                 _UIRbits   0x000f68       data     extern libdev18f2550_a-pic18f2550.asm
        _USB_EP0_fill_adr   0x00115c    program     static ../include/usb/usb.c
       _USB_EP0_in_buffer   0x000540       data     static ../include/usb/usb.c
        _USB_EP0_in_token   0x001402    program     static ../include/usb/usb.c
            _USB_EP0_init   0x000c34    program     static ../include/usb/usb.c
      _USB_EP0_out_buffer   0x000500       data     static ../include/usb/usb.c
       _USB_EP0_out_token   0x0012da    program     static ../include/usb/usb.c
         _USB_EP0_to_send   0x000489       data     static ../include/usb/usb.c
          _USB_EP1_buffer   0x000600       data     static usb_ep.c
            _USB_EP1_init   0x001512    program     extern usb_ep.c
    _USB_EP1_transmission   0x001692    program     extern usb_ep.c
          _USB_EP2_buffer   0x000640       data     static usb_ep.c
            _USB_EP2_init   0x00157a    program     extern usb_ep.c
            _USB_EP2_send   0x000d62    program     extern usb_ep.c
    _USB_EP2_transmission   0x001a7a    program     extern usb_ep.c
_USB_clear_all_EP_exept_EP0   0x0018fc    program     static ../include/usb/usb.c
_USB_configuration0_endps_init   0x001a2c    program     static ../include/usb/usb.c
                _USB_init   0x001722    program     extern ../include/usb/usb.c
       _USB_request_error   0x0019ba    program     static ../include/usb/usb.c
               _USB_reset   0x001824    program     static ../include/usb/usb.c
             _USB_service   0x00088a    program     extern ../include/usb/usb.c
    _USB_standard_request   0x000020    program     static ../include/usb/usb.c
_USB_wait_for_configured_state   0x001898    program     extern ../include/usb/usb.c
_USB_wait_for_powerered_state   0x0017e6    program     extern ../include/usb/usb.c
                   _USTAT   0x000f6c       data     extern libdev18f2550_a-pic18f2550.asm
               _USTATbits   0x000f6c       data     extern libdev18f2550_a-pic18f2550.asm
                  _WDTCON   0x000fd1       data     extern libdev18f2550_a-pic18f2550.asm
              _WDTCONbits   0x000fd1       data     extern libdev18f2550_a-pic18f2550.asm
                    _WREG   0x000fe8       data     extern libdev18f2550_a-pic18f2550.asm
      ___eeprom8_gptrget1   0x001a14    program     extern eeprom8_gptrget1.asm
      ___eeprom8_gptrget4   0x0018cc    program     extern eeprom8_gptrget4.asm
      ___eeprom8_gptrput1   0x0019da    program     extern eeprom8_gptrput1.asm
      ___eeprom8_gptrput4   0x001860    program     extern eeprom8_gptrput4.asm
         ___eeprom8_write   0x001a6a    program     extern eeprom8_write.asm
       ___eeprom_gptrget1   0x001aa0    program     extern gptr/eeprom8_gptrget1_dispatch.S
       ___eeprom_gptrget4   0x001aa4    program     extern gptr/eeprom8_gptrget4_dispatch.S
       ___eeprom_gptrput1   0x001aa8    program     extern gptr/eeprom8_gptrput1_dispatch.S
       ___eeprom_gptrput4   0x001aac    program     extern gptr/eeprom8_gptrput4_dispatch.S
                ___uflags   0x000484       data     extern crt0iz.asm
               __delay_ms   0x0016dc    program     extern ../include/sdelay/sdelay.c
               __delay_us   0x001766    program     extern ../include/sdelay/sdelay.c
                  __entry   0x000000    program     extern crt0iz.asm
               __gptrget1   0x001998    program     extern gptrget1.asm
               __gptrget4   0x0017a6    program     extern gptrget4.asm
               __gptrput1   0x001a42    program     extern gptrput1.asm
               __gptrput4   0x001976    program     extern gptrput4.asm
                __mullong   0x000a82    program     extern mullong.asm
         __mullong_t1_1_2   0x0004a1       data     static mullong.asm
         __mullong_t2_1_2   0x0004a5       data     static mullong.asm
          __mullong_t_1_2   0x00049d       data     static mullong.asm
          __mullong_x_1_2   0x000495       data     static mullong.asm
          __mullong_y_1_2   0x000499       data     static mullong.asm
                __startup   0x00122e    program     extern crt0iz.asm
                   _cinit   0x001a88    program     extern main.c
_configuration0_descriptor   0x0015f2    program     extern ../include/usb/usb.c
       _device_descriptor   0x0015e0    program     extern ../include/usb/usb.c
                 _do_rand   0x001376    program     static rand.asm
          _high_interrupt   0x001088    program     static main.c
   _high_interrupt_B_1_29   0x000483       data     static main.c
   _high_interrupt_G_1_29   0x0004ad       data     static main.c
   _high_interrupt_R_1_29   0x0004ac       data     static main.c
 _high_interrupt_cnt_1_29   0x000480       data     static main.c
_high_interrupt_tmp2_1_29   0x000482       data     static main.c
 _high_interrupt_tmp_1_29   0x000481       data     static main.c
                 _lab_01_   0x001a50    program     static gptrput1.asm
                 _lab_01_   0x001990    program     static gptrput4.asm
                 _lab_01_   0x0019a4    program     static gptrget1.asm
                 _lab_01_   0x0017be    program     static gptrget4.asm
           _low_interrupt   0x001640    program     static main.c
                    _main   0x000e90    program     extern main.c
                    _next   0x000485       data     static rand.asm
              _ports_init   0x001928    program     extern main.c
                 _process   0x000faa    program     extern main.c
                    _rand   0x001a58    program     extern rand.asm
                  _rand_r   0x00148c    program     extern rand.asm
         _rand_r_val_1_19   0x000491       data     static rand.asm
                   _srand   0x0019fa    program     extern rand.asm
                   _stack   0x000100       data     extern stack/stack.S
               _stack_end   0x0001ff       data     extern stack/stack.S
                    _stan   0x00048d       data     static main.c
      _string0_descriptor   0x001612    program     extern ../include/usb/usb.c
      _string1_descriptor   0x001616    program     extern ../include/usb/usb.c
      _string2_descriptor   0x00162a    program     extern ../include/usb/usb.c
      _string3_descriptor   0x001638    program     extern ../include/usb/usb.c
            _timer1_start   0x001954    program     extern main.c
                  _usb_bd   0x000400       data     extern ../include/usb/usb.c
               _usb_ustat   0x0004ab       data     extern ../include/usb/usb.c
                  _usbdev   0x0004a9       data     static ../include/usb/usb.c
               clear_loop   0x001244    program     static crt0iz.asm
                copy_loop   0x0012b2    program     static crt0iz.asm
            copy_loop_dec   0x0012b8    program     static crt0iz.asm
               entry_loop   0x001264    program     static crt0iz.asm
           entry_loop_dec   0x0012cc    program     static crt0iz.asm
  ivec_0x1_high_interrupt   0x000008    program     static main.c
   ivec_0x2_low_interrupt   0x000018    program     static main.c
                   lockup   0x0012d8    program     static crt0iz.asm
                    r0x00   0x000000       data     static ../include/sdelay/sdelay.c
                    r0x00   0x000000       data     static ../include/usb/usb.c
                    r0x00   0x000000       data     static usb_ep.c
                    r0x00   0x000000       data     static main.c
                    r0x00   0x000000       data     static rand.asm
                    r0x00   0x000000       data     static mullong.asm
                    r0x01   0x000001       data     static ../include/sdelay/sdelay.c
                    r0x01   0x000001       data     static ../include/usb/usb.c
                    r0x01   0x000001       data     static usb_ep.c
                    r0x01   0x000001       data     static main.c
                    r0x01   0x000001       data     static rand.asm
                    r0x01   0x000001       data     static mullong.asm
                    r0x02   0x000002       data     static ../include/usb/usb.c
                    r0x02   0x000002       data     static usb_ep.c
                    r0x02   0x000002       data     static main.c
                    r0x02   0x000002       data     static rand.asm
                    r0x02   0x000002       data     static mullong.asm
                    r0x03   0x000003       data     static ../include/usb/usb.c
                    r0x03   0x000003       data     static usb_ep.c
                    r0x03   0x000003       data     static main.c
                    r0x03   0x000003       data     static rand.asm
                    r0x03   0x000003       data     static mullong.asm
                    r0x04   0x000004       data     static ../include/usb/usb.c
                    r0x04   0x000004       data     static usb_ep.c
                    r0x04   0x000004       data     static main.c
                    r0x04   0x000004       data     static rand.asm
                    r0x04   0x000004       data     static mullong.asm
                    r0x05   0x000005       data     static ../include/usb/usb.c
                    r0x05   0x000005       data     static usb_ep.c
                    r0x05   0x000005       data     static main.c
                    r0x05   0x000005       data     static rand.asm
                    r0x05   0x000005       data     static mullong.asm
                    r0x06   0x000006       data     static ../include/usb/usb.c
                    r0x06   0x000006       data     static usb_ep.c
                    r0x06   0x000006       data     static rand.asm
                    r0x06   0x000006       data     static mullong.asm
                    r0x07   0x000007       data     static ../include/usb/usb.c
                    r0x07   0x000007       data     static usb_ep.c
                    r0x07   0x000007       data     static mullong.asm
                    r0x08   0x000008       data     static ../include/usb/usb.c
                    r0x08   0x000008       data     static usb_ep.c
                    r0x09   0x000009       data     static ../include/usb/usb.c
                    r0x09   0x000009       data     static usb_ep.c
                    r0x0a   0x00000a       data     static ../include/usb/usb.c
                    r0x0a   0x00000a       data     static usb_ep.c
                    r0x0b   0x00000b       data     static usb_ep.c
           wait_till_done   0x001a74    program     static eeprom8_write.asm



                              Symbols - Sorted by Address
                     Name    Address   Location    Storage File
                ---------  ---------  ---------  --------- ---------
                  __entry   0x000000    program     extern crt0iz.asm
                    r0x00   0x000000       data     static ../include/sdelay/sdelay.c
                    r0x00   0x000000       data     static ../include/usb/usb.c
                    r0x00   0x000000       data     static usb_ep.c
                    r0x00   0x000000       data     static main.c
                    r0x00   0x000000       data     static rand.asm
                    r0x00   0x000000       data     static mullong.asm
                    r0x01   0x000001       data     static ../include/sdelay/sdelay.c
                    r0x01   0x000001       data     static ../include/usb/usb.c
                    r0x01   0x000001       data     static usb_ep.c
                    r0x01   0x000001       data     static main.c
                    r0x01   0x000001       data     static rand.asm
                    r0x01   0x000001       data     static mullong.asm
                    r0x02   0x000002       data     static ../include/usb/usb.c
                    r0x02   0x000002       data     static usb_ep.c
                    r0x02   0x000002       data     static main.c
                    r0x02   0x000002       data     static rand.asm
                    r0x02   0x000002       data     static mullong.asm
                    r0x03   0x000003       data     static ../include/usb/usb.c
                    r0x03   0x000003       data     static usb_ep.c
                    r0x03   0x000003       data     static main.c
                    r0x03   0x000003       data     static rand.asm
                    r0x03   0x000003       data     static mullong.asm
                    r0x04   0x000004       data     static ../include/usb/usb.c
                    r0x04   0x000004       data     static usb_ep.c
                    r0x04   0x000004       data     static main.c
                    r0x04   0x000004       data     static rand.asm
                    r0x04   0x000004       data     static mullong.asm
                    r0x05   0x000005       data     static ../include/usb/usb.c
                    r0x05   0x000005       data     static usb_ep.c
                    r0x05   0x000005       data     static main.c
                    r0x05   0x000005       data     static rand.asm
                    r0x05   0x000005       data     static mullong.asm
                    r0x06   0x000006       data     static ../include/usb/usb.c
                    r0x06   0x000006       data     static usb_ep.c
                    r0x06   0x000006       data     static rand.asm
                    r0x06   0x000006       data     static mullong.asm
                    r0x07   0x000007       data     static ../include/usb/usb.c
                    r0x07   0x000007       data     static usb_ep.c
                    r0x07   0x000007       data     static mullong.asm
  ivec_0x1_high_interrupt   0x000008    program     static main.c
                    r0x08   0x000008       data     static ../include/usb/usb.c
                    r0x08   0x000008       data     static usb_ep.c
                    r0x09   0x000009       data     static ../include/usb/usb.c
                    r0x09   0x000009       data     static usb_ep.c
                    r0x0a   0x00000a       data     static ../include/usb/usb.c
                    r0x0a   0x00000a       data     static usb_ep.c
                    r0x0b   0x00000b       data     static usb_ep.c
   ivec_0x2_low_interrupt   0x000018    program     static main.c
    _USB_standard_request   0x000020    program     static ../include/usb/usb.c
               _00373_DS_   0x0000c6    program     static ../include/usb/usb.c
               _00148_DS_   0x0000fa    program     static ../include/usb/usb.c
                   _stack   0x000100       data     extern stack/stack.S
               _00376_DS_   0x000132    program     static ../include/usb/usb.c
               _00149_DS_   0x00013e    program     static ../include/usb/usb.c
               _00150_DS_   0x000166    program     static ../include/usb/usb.c
               _00378_DS_   0x00017c    program     static ../include/usb/usb.c
               _00380_DS_   0x000184    program     static ../include/usb/usb.c
               _00156_DS_   0x0001c6    program     static ../include/usb/usb.c
               _00157_DS_   0x0001fe    program     static ../include/usb/usb.c
               _stack_end   0x0001ff       data     extern stack/stack.S
               _00245_DS_   0x000234    program     static ../include/usb/usb.c
               _00246_DS_   0x000238    program     static ../include/usb/usb.c
               _00160_DS_   0x000258    program     static ../include/usb/usb.c
               _00247_DS_   0x0002ba    program     static ../include/usb/usb.c
               _00248_DS_   0x0002d8    program     static ../include/usb/usb.c
               _00168_DS_   0x00030e    program     static ../include/usb/usb.c
               _00170_DS_   0x000342    program     static ../include/usb/usb.c
               _00395_DS_   0x00035e    program     static ../include/usb/usb.c
               _00171_DS_   0x000362    program     static ../include/usb/usb.c
               _00397_DS_   0x000384    program     static ../include/usb/usb.c
               _00399_DS_   0x00038a    program     static ../include/usb/usb.c
               _00174_DS_   0x0003aa    program     static ../include/usb/usb.c
               _00178_DS_   0x0003ca    program     static ../include/usb/usb.c
                  _usb_bd   0x000400       data     extern ../include/usb/usb.c
               _00179_DS_   0x000404    program     static ../include/usb/usb.c
               _00182_DS_   0x00040e    program     static ../include/usb/usb.c
               _00249_DS_   0x000434    program     static ../include/usb/usb.c
               _00250_DS_   0x000452    program     static ../include/usb/usb.c
 _high_interrupt_cnt_1_29   0x000480       data     static main.c
 _high_interrupt_tmp_1_29   0x000481       data     static main.c
_high_interrupt_tmp2_1_29   0x000482       data     static main.c
   _high_interrupt_B_1_29   0x000483       data     static main.c
                ___uflags   0x000484       data     extern crt0iz.asm
                    _next   0x000485       data     static rand.asm
               _00251_DS_   0x000486    program     static ../include/usb/usb.c
         _USB_EP0_to_send   0x000489       data     static ../include/usb/usb.c
               _00252_DS_   0x00048a    program     static ../include/usb/usb.c
                    _stan   0x00048d       data     static main.c
         _rand_r_val_1_19   0x000491       data     static rand.asm
          __mullong_x_1_2   0x000495       data     static mullong.asm
               _00188_DS_   0x000498    program     static ../include/usb/usb.c
          __mullong_y_1_2   0x000499       data     static mullong.asm
          __mullong_t_1_2   0x00049d       data     static mullong.asm
         __mullong_t1_1_2   0x0004a1       data     static mullong.asm
         __mullong_t2_1_2   0x0004a5       data     static mullong.asm
                  _usbdev   0x0004a9       data     static ../include/usb/usb.c
               _usb_ustat   0x0004ab       data     extern ../include/usb/usb.c
   _high_interrupt_R_1_29   0x0004ac       data     static main.c
   _high_interrupt_G_1_29   0x0004ad       data     static main.c
               _00253_DS_   0x0004c0    program     static ../include/usb/usb.c
               _00254_DS_   0x0004c4    program     static ../include/usb/usb.c
               _00194_DS_   0x0004d2    program     static ../include/usb/usb.c
      _USB_EP0_out_buffer   0x000500       data     static ../include/usb/usb.c
               _00197_DS_   0x000506    program     static ../include/usb/usb.c
       _USB_EP0_in_buffer   0x000540       data     static ../include/usb/usb.c
               _00417_DS_   0x00054e    program     static ../include/usb/usb.c
               _00198_DS_   0x00055a    program     static ../include/usb/usb.c
               _00200_DS_   0x000580    program     static ../include/usb/usb.c
               _00202_DS_   0x0005a6    program     static ../include/usb/usb.c
               _00419_DS_   0x0005e4    program     static ../include/usb/usb.c
               _00203_DS_   0x0005f4    program     static ../include/usb/usb.c
          _USB_EP1_buffer   0x000600       data     static usb_ep.c
               _00204_DS_   0x00061a    program     static ../include/usb/usb.c
               _00205_DS_   0x000640    program     static ../include/usb/usb.c
          _USB_EP2_buffer   0x000640       data     static usb_ep.c
               _00206_DS_   0x000666    program     static ../include/usb/usb.c
               _00211_DS_   0x00068c    program     static ../include/usb/usb.c
               _00212_DS_   0x0006b2    program     static ../include/usb/usb.c
               _00213_DS_   0x0006d6    program     static ../include/usb/usb.c
               _00214_DS_   0x0006e4    program     static ../include/usb/usb.c
               _00217_DS_   0x000700    program     static ../include/usb/usb.c
               _00425_DS_   0x000714    program     static ../include/usb/usb.c
               _00427_DS_   0x000732    program     static ../include/usb/usb.c
               _00223_DS_   0x000758    program     static ../include/usb/usb.c
               _00429_DS_   0x00076c    program     static ../include/usb/usb.c
               _00431_DS_   0x00078a    program     static ../include/usb/usb.c
               _00231_DS_   0x00078c    program     static ../include/usb/usb.c
               _00232_DS_   0x00078e    program     static ../include/usb/usb.c
               _00234_DS_   0x0007ea    program     static ../include/usb/usb.c
               _00433_DS_   0x000816    program     static ../include/usb/usb.c
               _00434_DS_   0x000818    program     static ../include/usb/usb.c
               _00237_DS_   0x000822    program     static ../include/usb/usb.c
               _00240_DS_   0x00083c    program     static ../include/usb/usb.c
               _00241_DS_   0x000840    program     static ../include/usb/usb.c
               _00242_DS_   0x000854    program     static ../include/usb/usb.c
               _00243_DS_   0x000858    program     static ../include/usb/usb.c
             _USB_service   0x00088a    program     extern ../include/usb/usb.c
               _00561_DS_   0x0008b2    program     static ../include/usb/usb.c
               _00594_DS_   0x0008ba    program     static ../include/usb/usb.c
               _00591_DS_   0x0008ee    program     static ../include/usb/usb.c
               _00588_DS_   0x0008fa    program     static ../include/usb/usb.c
               _00585_DS_   0x000902    program     static ../include/usb/usb.c
               _00582_DS_   0x00090a    program     static ../include/usb/usb.c
               _00579_DS_   0x000914    program     static ../include/usb/usb.c
               _00573_DS_   0x00091c    program     static ../include/usb/usb.c
               _00683_DS_   0x000954    program     static ../include/usb/usb.c
               _00564_DS_   0x000960    program     static ../include/usb/usb.c
               _00598_DS_   0x00098e    program     static ../include/usb/usb.c
               _00601_DS_   0x00099c    program     static ../include/usb/usb.c
               _00603_DS_   0x0009d4    program     static ../include/usb/usb.c
               _00566_DS_   0x0009dc    program     static ../include/usb/usb.c
               _00690_DS_   0x0009ee    program     static ../include/usb/usb.c
               _00606_DS_   0x000a20    program     static ../include/usb/usb.c
               _00607_DS_   0x000a32    program     static ../include/usb/usb.c
               _00608_DS_   0x000a38    program     static ../include/usb/usb.c
               _00609_DS_   0x000a3e    program     static ../include/usb/usb.c
               _00610_DS_   0x000a42    program     static ../include/usb/usb.c
               _00612_DS_   0x000a46    program     static ../include/usb/usb.c
               _00568_DS_   0x000a4c    program     static ../include/usb/usb.c
               _00569_DS_   0x000a52    program     static ../include/usb/usb.c
               _00570_DS_   0x000a56    program     static ../include/usb/usb.c
               _00615_DS_   0x000a68    program     static ../include/usb/usb.c
                __mullong   0x000a82    program     extern mullong.asm
            _USB_EP0_init   0x000c34    program     static ../include/usb/usb.c
               _00441_DS_   0x000c6e    program     static ../include/usb/usb.c
               _00443_DS_   0x000cd8    program     static ../include/usb/usb.c
            _USB_EP2_send   0x000d62    program     extern usb_ep.c
               _00148_DS_   0x000db4    program     static usb_ep.c
               _00139_DS_   0x000dca    program     static usb_ep.c
               _00151_DS_   0x000de6    program     static usb_ep.c
               _00171_DS_   0x000e22    program     static usb_ep.c
               _00160_DS_   0x000e2a    program     static usb_ep.c
               _00153_DS_   0x000e5a    program     static usb_ep.c
                    _main   0x000e90    program     extern main.c
               _00214_DS_   0x000eca    program     static main.c
               _00201_DS_   0x000ed6    program     static main.c
               _00204_DS_   0x000ee0    program     static main.c
               _00207_DS_   0x000efa    program     static main.c
                    _UFRM   0x000f66       data     extern libdev18f2550_a-pic18f2550.asm
                   _UFRML   0x000f66       data     extern libdev18f2550_a-pic18f2550.asm
               _UFRMLbits   0x000f66       data     extern libdev18f2550_a-pic18f2550.asm
                   _UFRMH   0x000f67       data     extern libdev18f2550_a-pic18f2550.asm
               _UFRMHbits   0x000f67       data     extern libdev18f2550_a-pic18f2550.asm
                     _UIR   0x000f68       data     extern libdev18f2550_a-pic18f2550.asm
                 _UIRbits   0x000f68       data     extern libdev18f2550_a-pic18f2550.asm
                     _UIE   0x000f69       data     extern libdev18f2550_a-pic18f2550.asm
                 _UIEbits   0x000f69       data     extern libdev18f2550_a-pic18f2550.asm
                    _UEIR   0x000f6a       data     extern libdev18f2550_a-pic18f2550.asm
                _UEIRbits   0x000f6a       data     extern libdev18f2550_a-pic18f2550.asm
                    _UEIE   0x000f6b       data     extern libdev18f2550_a-pic18f2550.asm
                _UEIEbits   0x000f6b       data     extern libdev18f2550_a-pic18f2550.asm
                   _USTAT   0x000f6c       data     extern libdev18f2550_a-pic18f2550.asm
               _USTATbits   0x000f6c       data     extern libdev18f2550_a-pic18f2550.asm
                    _UCON   0x000f6d       data     extern libdev18f2550_a-pic18f2550.asm
                _UCONbits   0x000f6d       data     extern libdev18f2550_a-pic18f2550.asm
                   _UADDR   0x000f6e       data     extern libdev18f2550_a-pic18f2550.asm
               _UADDRbits   0x000f6e       data     extern libdev18f2550_a-pic18f2550.asm
                    _UCFG   0x000f6f       data     extern libdev18f2550_a-pic18f2550.asm
                _UCFGbits   0x000f6f       data     extern libdev18f2550_a-pic18f2550.asm
                    _UEP0   0x000f70       data     extern libdev18f2550_a-pic18f2550.asm
                _UEP0bits   0x000f70       data     extern libdev18f2550_a-pic18f2550.asm
                    _UEP1   0x000f71       data     extern libdev18f2550_a-pic18f2550.asm
                _UEP1bits   0x000f71       data     extern libdev18f2550_a-pic18f2550.asm
                    _UEP2   0x000f72       data     extern libdev18f2550_a-pic18f2550.asm
                _UEP2bits   0x000f72       data     extern libdev18f2550_a-pic18f2550.asm
                    _UEP3   0x000f73       data     extern libdev18f2550_a-pic18f2550.asm
                _UEP3bits   0x000f73       data     extern libdev18f2550_a-pic18f2550.asm
                    _UEP4   0x000f74       data     extern libdev18f2550_a-pic18f2550.asm
                _UEP4bits   0x000f74       data     extern libdev18f2550_a-pic18f2550.asm
                    _UEP5   0x000f75       data     extern libdev18f2550_a-pic18f2550.asm
                _UEP5bits   0x000f75       data     extern libdev18f2550_a-pic18f2550.asm
                    _UEP6   0x000f76       data     extern libdev18f2550_a-pic18f2550.asm
                _UEP6bits   0x000f76       data     extern libdev18f2550_a-pic18f2550.asm
                    _UEP7   0x000f77       data     extern libdev18f2550_a-pic18f2550.asm
                _UEP7bits   0x000f77       data     extern libdev18f2550_a-pic18f2550.asm
                    _UEP8   0x000f78       data     extern libdev18f2550_a-pic18f2550.asm
                _UEP8bits   0x000f78       data     extern libdev18f2550_a-pic18f2550.asm
                    _UEP9   0x000f79       data     extern libdev18f2550_a-pic18f2550.asm
                _UEP9bits   0x000f79       data     extern libdev18f2550_a-pic18f2550.asm
                   _UEP10   0x000f7a       data     extern libdev18f2550_a-pic18f2550.asm
               _UEP10bits   0x000f7a       data     extern libdev18f2550_a-pic18f2550.asm
                   _UEP11   0x000f7b       data     extern libdev18f2550_a-pic18f2550.asm
               _UEP11bits   0x000f7b       data     extern libdev18f2550_a-pic18f2550.asm
                   _UEP12   0x000f7c       data     extern libdev18f2550_a-pic18f2550.asm
               _UEP12bits   0x000f7c       data     extern libdev18f2550_a-pic18f2550.asm
                   _UEP13   0x000f7d       data     extern libdev18f2550_a-pic18f2550.asm
               _UEP13bits   0x000f7d       data     extern libdev18f2550_a-pic18f2550.asm
                   _UEP14   0x000f7e       data     extern libdev18f2550_a-pic18f2550.asm
               _UEP14bits   0x000f7e       data     extern libdev18f2550_a-pic18f2550.asm
                   _UEP15   0x000f7f       data     extern libdev18f2550_a-pic18f2550.asm
               _UEP15bits   0x000f7f       data     extern libdev18f2550_a-pic18f2550.asm
                   _PORTA   0x000f80       data     extern libdev18f2550_a-pic18f2550.asm
               _PORTAbits   0x000f80       data     extern libdev18f2550_a-pic18f2550.asm
                   _PORTB   0x000f81       data     extern libdev18f2550_a-pic18f2550.asm
               _PORTBbits   0x000f81       data     extern libdev18f2550_a-pic18f2550.asm
                   _PORTC   0x000f82       data     extern libdev18f2550_a-pic18f2550.asm
               _PORTCbits   0x000f82       data     extern libdev18f2550_a-pic18f2550.asm
                   _PORTE   0x000f84       data     extern libdev18f2550_a-pic18f2550.asm
               _PORTEbits   0x000f84       data     extern libdev18f2550_a-pic18f2550.asm
                    _LATA   0x000f89       data     extern libdev18f2550_a-pic18f2550.asm
                _LATAbits   0x000f89       data     extern libdev18f2550_a-pic18f2550.asm
                    _LATB   0x000f8a       data     extern libdev18f2550_a-pic18f2550.asm
                _LATBbits   0x000f8a       data     extern libdev18f2550_a-pic18f2550.asm
                    _LATC   0x000f8b       data     extern libdev18f2550_a-pic18f2550.asm
                _LATCbits   0x000f8b       data     extern libdev18f2550_a-pic18f2550.asm
                    _DDRA   0x000f92       data     extern libdev18f2550_a-pic18f2550.asm
                _DDRAbits   0x000f92       data     extern libdev18f2550_a-pic18f2550.asm
                   _TRISA   0x000f92       data     extern libdev18f2550_a-pic18f2550.asm
               _TRISAbits   0x000f92       data     extern libdev18f2550_a-pic18f2550.asm
                    _DDRB   0x000f93       data     extern libdev18f2550_a-pic18f2550.asm
                _DDRBbits   0x000f93       data     extern libdev18f2550_a-pic18f2550.asm
                   _TRISB   0x000f93       data     extern libdev18f2550_a-pic18f2550.asm
               _TRISBbits   0x000f93       data     extern libdev18f2550_a-pic18f2550.asm
                    _DDRC   0x000f94       data     extern libdev18f2550_a-pic18f2550.asm
                _DDRCbits   0x000f94       data     extern libdev18f2550_a-pic18f2550.asm
                   _TRISC   0x000f94       data     extern libdev18f2550_a-pic18f2550.asm
               _TRISCbits   0x000f94       data     extern libdev18f2550_a-pic18f2550.asm
                 _OSCTUNE   0x000f9b       data     extern libdev18f2550_a-pic18f2550.asm
             _OSCTUNEbits   0x000f9b       data     extern libdev18f2550_a-pic18f2550.asm
                    _PIE1   0x000f9d       data     extern libdev18f2550_a-pic18f2550.asm
                _PIE1bits   0x000f9d       data     extern libdev18f2550_a-pic18f2550.asm
                    _PIR1   0x000f9e       data     extern libdev18f2550_a-pic18f2550.asm
                _PIR1bits   0x000f9e       data     extern libdev18f2550_a-pic18f2550.asm
                    _IPR1   0x000f9f       data     extern libdev18f2550_a-pic18f2550.asm
                _IPR1bits   0x000f9f       data     extern libdev18f2550_a-pic18f2550.asm
                    _PIE2   0x000fa0       data     extern libdev18f2550_a-pic18f2550.asm
                _PIE2bits   0x000fa0       data     extern libdev18f2550_a-pic18f2550.asm
                    _PIR2   0x000fa1       data     extern libdev18f2550_a-pic18f2550.asm
                _PIR2bits   0x000fa1       data     extern libdev18f2550_a-pic18f2550.asm
                    _IPR2   0x000fa2       data     extern libdev18f2550_a-pic18f2550.asm
                _IPR2bits   0x000fa2       data     extern libdev18f2550_a-pic18f2550.asm
                  _EECON1   0x000fa6       data     extern libdev18f2550_a-pic18f2550.asm
              _EECON1bits   0x000fa6       data     extern libdev18f2550_a-pic18f2550.asm
                  _EECON2   0x000fa7       data     extern libdev18f2550_a-pic18f2550.asm
                  _EEDATA   0x000fa8       data     extern libdev18f2550_a-pic18f2550.asm
                   _EEADR   0x000fa9       data     extern libdev18f2550_a-pic18f2550.asm
                 _process   0x000faa    program     extern main.c
                   _RCSTA   0x000fab       data     extern libdev18f2550_a-pic18f2550.asm
               _RCSTAbits   0x000fab       data     extern libdev18f2550_a-pic18f2550.asm
                   _TXSTA   0x000fac       data     extern libdev18f2550_a-pic18f2550.asm
               _TXSTAbits   0x000fac       data     extern libdev18f2550_a-pic18f2550.asm
                   _TXREG   0x000fad       data     extern libdev18f2550_a-pic18f2550.asm
                   _RCREG   0x000fae       data     extern libdev18f2550_a-pic18f2550.asm
                   _SPBRG   0x000faf       data     extern libdev18f2550_a-pic18f2550.asm
                  _SPBRGH   0x000fb0       data     extern libdev18f2550_a-pic18f2550.asm
                   _T3CON   0x000fb1       data     extern libdev18f2550_a-pic18f2550.asm
               _T3CONbits   0x000fb1       data     extern libdev18f2550_a-pic18f2550.asm
                    _TMR3   0x000fb2       data     extern libdev18f2550_a-pic18f2550.asm
                   _TMR3L   0x000fb2       data     extern libdev18f2550_a-pic18f2550.asm
                   _TMR3H   0x000fb3       data     extern libdev18f2550_a-pic18f2550.asm
                   _CMCON   0x000fb4       data     extern libdev18f2550_a-pic18f2550.asm
               _CMCONbits   0x000fb4       data     extern libdev18f2550_a-pic18f2550.asm
                  _CVRCON   0x000fb5       data     extern libdev18f2550_a-pic18f2550.asm
              _CVRCONbits   0x000fb5       data     extern libdev18f2550_a-pic18f2550.asm
                  _CCP1AS   0x000fb6       data     extern libdev18f2550_a-pic18f2550.asm
              _CCP1ASbits   0x000fb6       data     extern libdev18f2550_a-pic18f2550.asm
                 _ECCP1AS   0x000fb6       data     extern libdev18f2550_a-pic18f2550.asm
             _ECCP1ASbits   0x000fb6       data     extern libdev18f2550_a-pic18f2550.asm
                 _CCP1DEL   0x000fb7       data     extern libdev18f2550_a-pic18f2550.asm
             _CCP1DELbits   0x000fb7       data     extern libdev18f2550_a-pic18f2550.asm
                _ECCP1DEL   0x000fb7       data     extern libdev18f2550_a-pic18f2550.asm
            _ECCP1DELbits   0x000fb7       data     extern libdev18f2550_a-pic18f2550.asm
                 _BAUDCON   0x000fb8       data     extern libdev18f2550_a-pic18f2550.asm
             _BAUDCONbits   0x000fb8       data     extern libdev18f2550_a-pic18f2550.asm
                 _BAUDCTL   0x000fb8       data     extern libdev18f2550_a-pic18f2550.asm
             _BAUDCTLbits   0x000fb8       data     extern libdev18f2550_a-pic18f2550.asm
                 _CCP2CON   0x000fba       data     extern libdev18f2550_a-pic18f2550.asm
             _CCP2CONbits   0x000fba       data     extern libdev18f2550_a-pic18f2550.asm
                   _CCPR2   0x000fbb       data     extern libdev18f2550_a-pic18f2550.asm
                  _CCPR2L   0x000fbb       data     extern libdev18f2550_a-pic18f2550.asm
                  _CCPR2H   0x000fbc       data     extern libdev18f2550_a-pic18f2550.asm
                 _CCP1CON   0x000fbd       data     extern libdev18f2550_a-pic18f2550.asm
             _CCP1CONbits   0x000fbd       data     extern libdev18f2550_a-pic18f2550.asm
                   _CCPR1   0x000fbe       data     extern libdev18f2550_a-pic18f2550.asm
                  _CCPR1L   0x000fbe       data     extern libdev18f2550_a-pic18f2550.asm
                  _CCPR1H   0x000fbf       data     extern libdev18f2550_a-pic18f2550.asm
                  _ADCON2   0x000fc0       data     extern libdev18f2550_a-pic18f2550.asm
              _ADCON2bits   0x000fc0       data     extern libdev18f2550_a-pic18f2550.asm
                  _ADCON1   0x000fc1       data     extern libdev18f2550_a-pic18f2550.asm
              _ADCON1bits   0x000fc1       data     extern libdev18f2550_a-pic18f2550.asm
                  _ADCON0   0x000fc2       data     extern libdev18f2550_a-pic18f2550.asm
              _ADCON0bits   0x000fc2       data     extern libdev18f2550_a-pic18f2550.asm
                   _ADRES   0x000fc3       data     extern libdev18f2550_a-pic18f2550.asm
                  _ADRESL   0x000fc3       data     extern libdev18f2550_a-pic18f2550.asm
                  _ADRESH   0x000fc4       data     extern libdev18f2550_a-pic18f2550.asm
                 _SSPCON2   0x000fc5       data     extern libdev18f2550_a-pic18f2550.asm
             _SSPCON2bits   0x000fc5       data     extern libdev18f2550_a-pic18f2550.asm
                 _SSPCON1   0x000fc6       data     extern libdev18f2550_a-pic18f2550.asm
             _SSPCON1bits   0x000fc6       data     extern libdev18f2550_a-pic18f2550.asm
                 _SSPSTAT   0x000fc7       data     extern libdev18f2550_a-pic18f2550.asm
             _SSPSTATbits   0x000fc7       data     extern libdev18f2550_a-pic18f2550.asm
                  _SSPADD   0x000fc8       data     extern libdev18f2550_a-pic18f2550.asm
                  _SSPBUF   0x000fc9       data     extern libdev18f2550_a-pic18f2550.asm
                   _T2CON   0x000fca       data     extern libdev18f2550_a-pic18f2550.asm
               _T2CONbits   0x000fca       data     extern libdev18f2550_a-pic18f2550.asm
                     _PR2   0x000fcb       data     extern libdev18f2550_a-pic18f2550.asm
                    _TMR2   0x000fcc       data     extern libdev18f2550_a-pic18f2550.asm
                   _T1CON   0x000fcd       data     extern libdev18f2550_a-pic18f2550.asm
               _T1CONbits   0x000fcd       data     extern libdev18f2550_a-pic18f2550.asm
                    _TMR1   0x000fce       data     extern libdev18f2550_a-pic18f2550.asm
                   _TMR1L   0x000fce       data     extern libdev18f2550_a-pic18f2550.asm
                   _TMR1H   0x000fcf       data     extern libdev18f2550_a-pic18f2550.asm
                    _RCON   0x000fd0       data     extern libdev18f2550_a-pic18f2550.asm
                _RCONbits   0x000fd0       data     extern libdev18f2550_a-pic18f2550.asm
                  _WDTCON   0x000fd1       data     extern libdev18f2550_a-pic18f2550.asm
              _WDTCONbits   0x000fd1       data     extern libdev18f2550_a-pic18f2550.asm
                 _HLVDCON   0x000fd2       data     extern libdev18f2550_a-pic18f2550.asm
             _HLVDCONbits   0x000fd2       data     extern libdev18f2550_a-pic18f2550.asm
                  _LVDCON   0x000fd2       data     extern libdev18f2550_a-pic18f2550.asm
              _LVDCONbits   0x000fd2       data     extern libdev18f2550_a-pic18f2550.asm
                  _OSCCON   0x000fd3       data     extern libdev18f2550_a-pic18f2550.asm
              _OSCCONbits   0x000fd3       data     extern libdev18f2550_a-pic18f2550.asm
                   _T0CON   0x000fd5       data     extern libdev18f2550_a-pic18f2550.asm
               _T0CONbits   0x000fd5       data     extern libdev18f2550_a-pic18f2550.asm
                    _TMR0   0x000fd6       data     extern libdev18f2550_a-pic18f2550.asm
                   _TMR0L   0x000fd6       data     extern libdev18f2550_a-pic18f2550.asm
                   _TMR0H   0x000fd7       data     extern libdev18f2550_a-pic18f2550.asm
                  _STATUS   0x000fd8       data     extern libdev18f2550_a-pic18f2550.asm
              _STATUSbits   0x000fd8       data     extern libdev18f2550_a-pic18f2550.asm
                   _FSR2L   0x000fd9       data     extern libdev18f2550_a-pic18f2550.asm
                   _FSR2H   0x000fda       data     extern libdev18f2550_a-pic18f2550.asm
                  _PLUSW2   0x000fdb       data     extern libdev18f2550_a-pic18f2550.asm
                 _PREINC2   0x000fdc       data     extern libdev18f2550_a-pic18f2550.asm
                _POSTDEC2   0x000fdd       data     extern libdev18f2550_a-pic18f2550.asm
                _POSTINC2   0x000fde       data     extern libdev18f2550_a-pic18f2550.asm
                   _INDF2   0x000fdf       data     extern libdev18f2550_a-pic18f2550.asm
                     _BSR   0x000fe0       data     extern libdev18f2550_a-pic18f2550.asm
                   _FSR1L   0x000fe1       data     extern libdev18f2550_a-pic18f2550.asm
                   _FSR1H   0x000fe2       data     extern libdev18f2550_a-pic18f2550.asm
                  _PLUSW1   0x000fe3       data     extern libdev18f2550_a-pic18f2550.asm
                 _PREINC1   0x000fe4       data     extern libdev18f2550_a-pic18f2550.asm
                _POSTDEC1   0x000fe5       data     extern libdev18f2550_a-pic18f2550.asm
                _POSTINC1   0x000fe6       data     extern libdev18f2550_a-pic18f2550.asm
                   _INDF1   0x000fe7       data     extern libdev18f2550_a-pic18f2550.asm
                    _WREG   0x000fe8       data     extern libdev18f2550_a-pic18f2550.asm
                   _FSR0L   0x000fe9       data     extern libdev18f2550_a-pic18f2550.asm
                   _FSR0H   0x000fea       data     extern libdev18f2550_a-pic18f2550.asm
                  _PLUSW0   0x000feb       data     extern libdev18f2550_a-pic18f2550.asm
                 _PREINC0   0x000fec       data     extern libdev18f2550_a-pic18f2550.asm
                _POSTDEC0   0x000fed       data     extern libdev18f2550_a-pic18f2550.asm
                _POSTINC0   0x000fee       data     extern libdev18f2550_a-pic18f2550.asm
                   _INDF0   0x000fef       data     extern libdev18f2550_a-pic18f2550.asm
               _00186_DS_   0x000ff0    program     static main.c
                 _INTCON3   0x000ff0       data     extern libdev18f2550_a-pic18f2550.asm
             _INTCON3bits   0x000ff0       data     extern libdev18f2550_a-pic18f2550.asm
                 _INTCON2   0x000ff1       data     extern libdev18f2550_a-pic18f2550.asm
             _INTCON2bits   0x000ff1       data     extern libdev18f2550_a-pic18f2550.asm
                  _INTCON   0x000ff2       data     extern libdev18f2550_a-pic18f2550.asm
              _INTCONbits   0x000ff2       data     extern libdev18f2550_a-pic18f2550.asm
                    _PROD   0x000ff3       data     extern libdev18f2550_a-pic18f2550.asm
                   _PRODL   0x000ff3       data     extern libdev18f2550_a-pic18f2550.asm
                   _PRODH   0x000ff4       data     extern libdev18f2550_a-pic18f2550.asm
                  _TABLAT   0x000ff5       data     extern libdev18f2550_a-pic18f2550.asm
                  _TBLPTR   0x000ff6       data     extern libdev18f2550_a-pic18f2550.asm
                 _TBLPTRL   0x000ff6       data     extern libdev18f2550_a-pic18f2550.asm
                 _TBLPTRH   0x000ff7       data     extern libdev18f2550_a-pic18f2550.asm
                 _TBLPTRU   0x000ff8       data     extern libdev18f2550_a-pic18f2550.asm
                      _PC   0x000ff9       data     extern libdev18f2550_a-pic18f2550.asm
                     _PCL   0x000ff9       data     extern libdev18f2550_a-pic18f2550.asm
                  _PCLATH   0x000ffa       data     extern libdev18f2550_a-pic18f2550.asm
                  _PCLATU   0x000ffb       data     extern libdev18f2550_a-pic18f2550.asm
                  _STKPTR   0x000ffc       data     extern libdev18f2550_a-pic18f2550.asm
              _STKPTRbits   0x000ffc       data     extern libdev18f2550_a-pic18f2550.asm
                     _TOS   0x000ffd       data     extern libdev18f2550_a-pic18f2550.asm
                    _TOSL   0x000ffd       data     extern libdev18f2550_a-pic18f2550.asm
                    _TOSH   0x000ffe       data     extern libdev18f2550_a-pic18f2550.asm
                    _TOSU   0x000fff       data     extern libdev18f2550_a-pic18f2550.asm
               _00172_DS_   0x001050    program     static main.c
               _00175_DS_   0x00106a    program     static main.c
          _high_interrupt   0x001088    program     static main.c
               _00106_DS_   0x0010cc    program     static main.c
               _00107_DS_   0x0010d4    program     static main.c
               _00109_DS_   0x0010f0    program     static main.c
               _00111_DS_   0x0010fa    program     static main.c
               _00121_DS_   0x001106    program     static main.c
               _00155_DS_   0x001110    program     static main.c
               _00115_DS_   0x001114    program     static main.c
               _00158_DS_   0x00111e    program     static main.c
               _00117_DS_   0x001122    program     static main.c
               _00161_DS_   0x00112c    program     static main.c
               _00122_DS_   0x001130    program     static main.c
        _USB_EP0_fill_adr   0x00115c    program     static ../include/usb/usb.c
               _00119_DS_   0x0011a4    program     static ../include/usb/usb.c
               _00129_DS_   0x0011b6    program     static ../include/usb/usb.c
               _00123_DS_   0x0011ba    program     static ../include/usb/usb.c
               _00138_DS_   0x0011f0    program     static ../include/usb/usb.c
               _00121_DS_   0x00120a    program     static ../include/usb/usb.c
                __startup   0x00122e    program     extern crt0iz.asm
               clear_loop   0x001244    program     static crt0iz.asm
               entry_loop   0x001264    program     static crt0iz.asm
                copy_loop   0x0012b2    program     static crt0iz.asm
            copy_loop_dec   0x0012b8    program     static crt0iz.asm
           entry_loop_dec   0x0012cc    program     static crt0iz.asm
                   lockup   0x0012d8    program     static crt0iz.asm
       _USB_EP0_out_token   0x0012da    program     static ../include/usb/usb.c
               _00515_DS_   0x001304    program     static ../include/usb/usb.c
               _00492_DS_   0x001336    program     static ../include/usb/usb.c
               _00493_DS_   0x001348    program     static ../include/usb/usb.c
               _00494_DS_   0x00134e    program     static ../include/usb/usb.c
               _00495_DS_   0x001354    program     static ../include/usb/usb.c
               _00496_DS_   0x001358    program     static ../include/usb/usb.c
               _00498_DS_   0x00135c    program     static ../include/usb/usb.c
               _00500_DS_   0x001360    program     static ../include/usb/usb.c
                 _do_rand   0x001376    program     static rand.asm
        _USB_EP0_in_token   0x001402    program     static ../include/usb/usb.c
               _00468_DS_   0x001436    program     static ../include/usb/usb.c
               _00469_DS_   0x001442    program     static ../include/usb/usb.c
               _00471_DS_   0x001444    program     static ../include/usb/usb.c
               _00473_DS_   0x00147c    program     static ../include/usb/usb.c
               _00475_DS_   0x001482    program     static ../include/usb/usb.c
                  _rand_r   0x00148c    program     extern rand.asm
            _USB_EP1_init   0x001512    program     extern usb_ep.c
               _00106_DS_   0x001528    program     static usb_ep.c
            _USB_EP2_init   0x00157a    program     extern usb_ep.c
               _00123_DS_   0x001590    program     static usb_ep.c
       _device_descriptor   0x0015e0    program     extern ../include/usb/usb.c
_configuration0_descriptor   0x0015f2    program     extern ../include/usb/usb.c
      _string0_descriptor   0x001612    program     extern ../include/usb/usb.c
      _string1_descriptor   0x001616    program     extern ../include/usb/usb.c
      _string2_descriptor   0x00162a    program     extern ../include/usb/usb.c
      _string3_descriptor   0x001638    program     extern ../include/usb/usb.c
           _low_interrupt   0x001640    program     static main.c
    _USB_EP1_transmission   0x001692    program     extern usb_ep.c
               __delay_ms   0x0016dc    program     extern ../include/sdelay/sdelay.c
               _00113_DS_   0x0016f8    program     static ../include/sdelay/sdelay.c
                _USB_init   0x001722    program     extern ../include/usb/usb.c
               _00527_DS_   0x001732    program     static ../include/usb/usb.c
               _00529_DS_   0x00173a    program     static ../include/usb/usb.c
               __delay_us   0x001766    program     extern ../include/sdelay/sdelay.c
               _00105_DS_   0x001782    program     static ../include/sdelay/sdelay.c
               __gptrget4   0x0017a6    program     extern gptrget4.asm
                 _lab_01_   0x0017be    program     static gptrget4.asm
_USB_wait_for_powerered_state   0x0017e6    program     extern ../include/usb/usb.c
               _00542_DS_   0x001806    program     static ../include/usb/usb.c
               _00545_DS_   0x00181a    program     static ../include/usb/usb.c
               _USB_reset   0x001824    program     static ../include/usb/usb.c
      ___eeprom8_gptrput4   0x001860    program     extern eeprom8_gptrput4.asm
_USB_wait_for_configured_state   0x001898    program     extern ../include/usb/usb.c
               _00703_DS_   0x0018a8    program     static ../include/usb/usb.c
               _00706_DS_   0x0018c2    program     static ../include/usb/usb.c
      ___eeprom8_gptrget4   0x0018cc    program     extern eeprom8_gptrget4.asm
_USB_clear_all_EP_exept_EP0   0x0018fc    program     static ../include/usb/usb.c
              _ports_init   0x001928    program     extern main.c
            _timer1_start   0x001954    program     extern main.c
               __gptrput4   0x001976    program     extern gptrput4.asm
                 _lab_01_   0x001990    program     static gptrput4.asm
               __gptrget1   0x001998    program     extern gptrget1.asm
                 _lab_01_   0x0019a4    program     static gptrget1.asm
       _USB_request_error   0x0019ba    program     static ../include/usb/usb.c
      ___eeprom8_gptrput1   0x0019da    program     extern eeprom8_gptrput1.asm
                   _srand   0x0019fa    program     extern rand.asm
      ___eeprom8_gptrget1   0x001a14    program     extern eeprom8_gptrget1.asm
_USB_configuration0_endps_init   0x001a2c    program     static ../include/usb/usb.c
               __gptrput1   0x001a42    program     extern gptrput1.asm
                 _lab_01_   0x001a50    program     static gptrput1.asm
                    _rand   0x001a58    program     extern rand.asm
         ___eeprom8_write   0x001a6a    program     extern eeprom8_write.asm
           wait_till_done   0x001a74    program     static eeprom8_write.asm
    _USB_EP2_transmission   0x001a7a    program     extern usb_ep.c
                   _cinit   0x001a88    program     extern main.c
       ___eeprom_gptrget1   0x001aa0    program     extern gptr/eeprom8_gptrget1_dispatch.S
       ___eeprom_gptrget4   0x001aa4    program     extern gptr/eeprom8_gptrget4_dispatch.S
       ___eeprom_gptrput1   0x001aa8    program     extern gptr/eeprom8_gptrput1_dispatch.S
       ___eeprom_gptrput4   0x001aac    program     extern gptr/eeprom8_gptrput4_dispatch.S


