gplink-1.4.0 #1107 (Feb 13 2015)
Map File - Created 4-21-2015  23:46:42

                                 Section Info
                  Section       Type    Address   Location Size(Bytes)
                ---------  ---------  ---------  ---------  ---------
                   .cinit    romdata   0x0003da    program   0x00000e
                 .idata_i    romdata   0x0003f0    program   0x000002
    .config_300000_MAIN.O    romdata   0x300000    program   0x000001
    .config_300001_MAIN.O    romdata   0x300001    program   0x000001
    .config_300002_MAIN.O    romdata   0x300002    program   0x000001
    .config_300003_MAIN.O    romdata   0x300003    program   0x000001
    .config_300005_MAIN.O    romdata   0x300005    program   0x000001
    .config_300006_MAIN.O    romdata   0x300006    program   0x000001
    .config_300008_MAIN.O    romdata   0x300008    program   0x000001
    .config_300009_MAIN.O    romdata   0x300009    program   0x000001
    .config_30000A_MAIN.O    romdata   0x30000a    program   0x000001
    .config_30000B_MAIN.O    romdata   0x30000b    program   0x000001
    .config_30000C_MAIN.O    romdata   0x30000c    program   0x000001
    .config_30000D_MAIN.O    romdata   0x30000d    program   0x000001
         S_crt0iz___entry       code   0x000000    program   0x000004
S_main_ivec_0x1_high_interrupt       code   0x000008    program   0x000004
S_main_ivec_0x2_low_interrupt       code   0x000018    program   0x000004
                    .code       code   0x000020    program   0x000126
       S_crt0iz___startup       code   0x000146    program   0x0000ac
      S_uopen__usart_open       code   0x0001f2    program   0x00007c
             S_main__main       code   0x00026e    program   0x00005c
    S_main__low_interrupt       code   0x0002ca    program   0x000052
   S_main__high_interrupt       code   0x00031c    program   0x000052
      S_main__serial_init       code   0x00036e    program   0x000032
        S_main__port_init       code   0x0003a0    program   0x00002a
      S_uputc__usart_putc       code   0x0003ca    program   0x000010
      S_ubusy__usart_busy       code   0x0003e8    program   0x000008
                   .idata      idata   0x000060       data   0x000001
               .registers      udata   0x000000       data   0x000005
           udata_usartd_0      udata   0x000061       data   0x000001
            stack_section      udata   0x000400       data   0x000100
      ustat_pic18f2550_00      udata   0x000f66       data   0x00001d
      ustat_pic18f2550_01      udata   0x000f84       data   0x000001
      ustat_pic18f2550_02      udata   0x000f89       data   0x000003
      ustat_pic18f2550_03      udata   0x000f92       data   0x000003
      ustat_pic18f2550_04      udata   0x000f9b       data   0x000001
      ustat_pic18f2550_05      udata   0x000f9d       data   0x000006
      ustat_pic18f2550_06      udata   0x000fa6       data   0x000004
      ustat_pic18f2550_07      udata   0x000fab       data   0x00000e
      ustat_pic18f2550_08      udata   0x000fba       data   0x00001a
      ustat_pic18f2550_09      udata   0x000fd5       data   0x00002b



                              Program Memory Usage
                               Start         End
                           ---------   ---------
                            0x000008    0x00000b
                            0x000018    0x00001b
                            0x00026e    0x0002c9
                            0x0003a0    0x0003c9
                            0x00036e    0x00039f
                            0x0002ca    0x00031b
                            0x00031c    0x00036d
                            0x000020    0x000145
                            0x300000    0x300000
                            0x300001    0x300001
                            0x300002    0x300002
                            0x300003    0x300003
                            0x300005    0x300005
                            0x300006    0x300006
                            0x300008    0x300008
                            0x300009    0x300009
                            0x30000a    0x30000a
                            0x30000b    0x30000b
                            0x30000c    0x30000c
                            0x30000d    0x30000d
                            0x0003f0    0x0003f1
                            0x000000    0x000003
                            0x000146    0x0001f1
                            0x0003ca    0x0003d9
                            0x0001f2    0x00026d
                            0x0003e8    0x0003ef
                            0x0003da    0x0003e7
                            1002 program addresses used



                              Symbols - Sorted by Name
                     Name    Address   Location    Storage File
                ---------  ---------  ---------  --------- ---------
               _00108_DS_   0x00021c    program     static libio18f2550_a-uopen.asm
               _00110_DS_   0x000222    program     static libio18f2550_a-uopen.asm
               _00112_DS_   0x00022a    program     static libio18f2550_a-uopen.asm
               _00113_DS_   0x00022c    program     static libio18f2550_a-uopen.asm
               _00115_DS_   0x000236    program     static libio18f2550_a-uopen.asm
               _00116_DS_   0x000238    program     static libio18f2550_a-uopen.asm
               _00118_DS_   0x000242    program     static libio18f2550_a-uopen.asm
               _00119_DS_   0x000244    program     static libio18f2550_a-uopen.asm
               _00121_DS_   0x000390    program     static main.c
               _00121_DS_   0x00024e    program     static libio18f2550_a-uopen.asm
               _00122_DS_   0x000250    program     static libio18f2550_a-uopen.asm
               _00133_DS_   0x00027e    program     static main.c
               _00146_DS_   0x0002b8    program     static main.c
               _00155_DS_   0x0002a2    program     static main.c
               _00156_DS_   0x0002a6    program     static main.c
               _00161_DS_   0x0002b4    program     static main.c
               _00163_DS_   0x0002b0    program     static main.c
               _00165_DS_   0x0002ac    program     static main.c
                     _01_   0x0003d6    program     static libio18f2550_a-uputc.asm
                  _ADCON0   0x000fc2       data     extern libdev18f2550_a-pic18f2550.asm
              _ADCON0bits   0x000fc2       data     extern libdev18f2550_a-pic18f2550.asm
                  _ADCON1   0x000fc1       data     extern libdev18f2550_a-pic18f2550.asm
              _ADCON1bits   0x000fc1       data     extern libdev18f2550_a-pic18f2550.asm
                  _ADCON2   0x000fc0       data     extern libdev18f2550_a-pic18f2550.asm
              _ADCON2bits   0x000fc0       data     extern libdev18f2550_a-pic18f2550.asm
                   _ADRES   0x000fc3       data     extern libdev18f2550_a-pic18f2550.asm
                  _ADRESH   0x000fc4       data     extern libdev18f2550_a-pic18f2550.asm
                  _ADRESL   0x000fc3       data     extern libdev18f2550_a-pic18f2550.asm
                 _BAUDCON   0x000fb8       data     extern libdev18f2550_a-pic18f2550.asm
             _BAUDCONbits   0x000fb8       data     extern libdev18f2550_a-pic18f2550.asm
                 _BAUDCTL   0x000fb8       data     extern libdev18f2550_a-pic18f2550.asm
             _BAUDCTLbits   0x000fb8       data     extern libdev18f2550_a-pic18f2550.asm
                     _BSR   0x000fe0       data     extern libdev18f2550_a-pic18f2550.asm
                  _CCP1AS   0x000fb6       data     extern libdev18f2550_a-pic18f2550.asm
              _CCP1ASbits   0x000fb6       data     extern libdev18f2550_a-pic18f2550.asm
                 _CCP1CON   0x000fbd       data     extern libdev18f2550_a-pic18f2550.asm
             _CCP1CONbits   0x000fbd       data     extern libdev18f2550_a-pic18f2550.asm
                 _CCP1DEL   0x000fb7       data     extern libdev18f2550_a-pic18f2550.asm
             _CCP1DELbits   0x000fb7       data     extern libdev18f2550_a-pic18f2550.asm
                 _CCP2CON   0x000fba       data     extern libdev18f2550_a-pic18f2550.asm
             _CCP2CONbits   0x000fba       data     extern libdev18f2550_a-pic18f2550.asm
                   _CCPR1   0x000fbe       data     extern libdev18f2550_a-pic18f2550.asm
                  _CCPR1H   0x000fbf       data     extern libdev18f2550_a-pic18f2550.asm
                  _CCPR1L   0x000fbe       data     extern libdev18f2550_a-pic18f2550.asm
                   _CCPR2   0x000fbb       data     extern libdev18f2550_a-pic18f2550.asm
                  _CCPR2H   0x000fbc       data     extern libdev18f2550_a-pic18f2550.asm
                  _CCPR2L   0x000fbb       data     extern libdev18f2550_a-pic18f2550.asm
                   _CMCON   0x000fb4       data     extern libdev18f2550_a-pic18f2550.asm
               _CMCONbits   0x000fb4       data     extern libdev18f2550_a-pic18f2550.asm
                  _CVRCON   0x000fb5       data     extern libdev18f2550_a-pic18f2550.asm
              _CVRCONbits   0x000fb5       data     extern libdev18f2550_a-pic18f2550.asm
                    _DDRA   0x000f92       data     extern libdev18f2550_a-pic18f2550.asm
                _DDRAbits   0x000f92       data     extern libdev18f2550_a-pic18f2550.asm
                    _DDRB   0x000f93       data     extern libdev18f2550_a-pic18f2550.asm
                _DDRBbits   0x000f93       data     extern libdev18f2550_a-pic18f2550.asm
                    _DDRC   0x000f94       data     extern libdev18f2550_a-pic18f2550.asm
                _DDRCbits   0x000f94       data     extern libdev18f2550_a-pic18f2550.asm
                 _ECCP1AS   0x000fb6       data     extern libdev18f2550_a-pic18f2550.asm
             _ECCP1ASbits   0x000fb6       data     extern libdev18f2550_a-pic18f2550.asm
                _ECCP1DEL   0x000fb7       data     extern libdev18f2550_a-pic18f2550.asm
            _ECCP1DELbits   0x000fb7       data     extern libdev18f2550_a-pic18f2550.asm
                   _EEADR   0x000fa9       data     extern libdev18f2550_a-pic18f2550.asm
                  _EECON1   0x000fa6       data     extern libdev18f2550_a-pic18f2550.asm
              _EECON1bits   0x000fa6       data     extern libdev18f2550_a-pic18f2550.asm
                  _EECON2   0x000fa7       data     extern libdev18f2550_a-pic18f2550.asm
                  _EEDATA   0x000fa8       data     extern libdev18f2550_a-pic18f2550.asm
                   _FSR0H   0x000fea       data     extern libdev18f2550_a-pic18f2550.asm
                   _FSR0L   0x000fe9       data     extern libdev18f2550_a-pic18f2550.asm
                   _FSR1H   0x000fe2       data     extern libdev18f2550_a-pic18f2550.asm
                   _FSR1L   0x000fe1       data     extern libdev18f2550_a-pic18f2550.asm
                   _FSR2H   0x000fda       data     extern libdev18f2550_a-pic18f2550.asm
                   _FSR2L   0x000fd9       data     extern libdev18f2550_a-pic18f2550.asm
                 _HLVDCON   0x000fd2       data     extern libdev18f2550_a-pic18f2550.asm
             _HLVDCONbits   0x000fd2       data     extern libdev18f2550_a-pic18f2550.asm
                   _INDF0   0x000fef       data     extern libdev18f2550_a-pic18f2550.asm
                   _INDF1   0x000fe7       data     extern libdev18f2550_a-pic18f2550.asm
                   _INDF2   0x000fdf       data     extern libdev18f2550_a-pic18f2550.asm
                  _INTCON   0x000ff2       data     extern libdev18f2550_a-pic18f2550.asm
                 _INTCON2   0x000ff1       data     extern libdev18f2550_a-pic18f2550.asm
             _INTCON2bits   0x000ff1       data     extern libdev18f2550_a-pic18f2550.asm
                 _INTCON3   0x000ff0       data     extern libdev18f2550_a-pic18f2550.asm
             _INTCON3bits   0x000ff0       data     extern libdev18f2550_a-pic18f2550.asm
              _INTCONbits   0x000ff2       data     extern libdev18f2550_a-pic18f2550.asm
                    _IPR1   0x000f9f       data     extern libdev18f2550_a-pic18f2550.asm
                _IPR1bits   0x000f9f       data     extern libdev18f2550_a-pic18f2550.asm
                    _IPR2   0x000fa2       data     extern libdev18f2550_a-pic18f2550.asm
                _IPR2bits   0x000fa2       data     extern libdev18f2550_a-pic18f2550.asm
                    _LATA   0x000f89       data     extern libdev18f2550_a-pic18f2550.asm
                _LATAbits   0x000f89       data     extern libdev18f2550_a-pic18f2550.asm
                    _LATB   0x000f8a       data     extern libdev18f2550_a-pic18f2550.asm
                _LATBbits   0x000f8a       data     extern libdev18f2550_a-pic18f2550.asm
                    _LATC   0x000f8b       data     extern libdev18f2550_a-pic18f2550.asm
                _LATCbits   0x000f8b       data     extern libdev18f2550_a-pic18f2550.asm
                  _LVDCON   0x000fd2       data     extern libdev18f2550_a-pic18f2550.asm
              _LVDCONbits   0x000fd2       data     extern libdev18f2550_a-pic18f2550.asm
                  _OSCCON   0x000fd3       data     extern libdev18f2550_a-pic18f2550.asm
              _OSCCONbits   0x000fd3       data     extern libdev18f2550_a-pic18f2550.asm
                 _OSCTUNE   0x000f9b       data     extern libdev18f2550_a-pic18f2550.asm
             _OSCTUNEbits   0x000f9b       data     extern libdev18f2550_a-pic18f2550.asm
                      _PC   0x000ff9       data     extern libdev18f2550_a-pic18f2550.asm
                     _PCL   0x000ff9       data     extern libdev18f2550_a-pic18f2550.asm
                  _PCLATH   0x000ffa       data     extern libdev18f2550_a-pic18f2550.asm
                  _PCLATU   0x000ffb       data     extern libdev18f2550_a-pic18f2550.asm
                    _PIE1   0x000f9d       data     extern libdev18f2550_a-pic18f2550.asm
                _PIE1bits   0x000f9d       data     extern libdev18f2550_a-pic18f2550.asm
                    _PIE2   0x000fa0       data     extern libdev18f2550_a-pic18f2550.asm
                _PIE2bits   0x000fa0       data     extern libdev18f2550_a-pic18f2550.asm
                    _PIR1   0x000f9e       data     extern libdev18f2550_a-pic18f2550.asm
                _PIR1bits   0x000f9e       data     extern libdev18f2550_a-pic18f2550.asm
                    _PIR2   0x000fa1       data     extern libdev18f2550_a-pic18f2550.asm
                _PIR2bits   0x000fa1       data     extern libdev18f2550_a-pic18f2550.asm
                  _PLUSW0   0x000feb       data     extern libdev18f2550_a-pic18f2550.asm
                  _PLUSW1   0x000fe3       data     extern libdev18f2550_a-pic18f2550.asm
                  _PLUSW2   0x000fdb       data     extern libdev18f2550_a-pic18f2550.asm
                   _PORTA   0x000f80       data     extern libdev18f2550_a-pic18f2550.asm
               _PORTAbits   0x000f80       data     extern libdev18f2550_a-pic18f2550.asm
                   _PORTB   0x000f81       data     extern libdev18f2550_a-pic18f2550.asm
               _PORTBbits   0x000f81       data     extern libdev18f2550_a-pic18f2550.asm
                   _PORTC   0x000f82       data     extern libdev18f2550_a-pic18f2550.asm
               _PORTCbits   0x000f82       data     extern libdev18f2550_a-pic18f2550.asm
                   _PORTE   0x000f84       data     extern libdev18f2550_a-pic18f2550.asm
               _PORTEbits   0x000f84       data     extern libdev18f2550_a-pic18f2550.asm
                _POSTDEC0   0x000fed       data     extern libdev18f2550_a-pic18f2550.asm
                _POSTDEC1   0x000fe5       data     extern libdev18f2550_a-pic18f2550.asm
                _POSTDEC2   0x000fdd       data     extern libdev18f2550_a-pic18f2550.asm
                _POSTINC0   0x000fee       data     extern libdev18f2550_a-pic18f2550.asm
                _POSTINC1   0x000fe6       data     extern libdev18f2550_a-pic18f2550.asm
                _POSTINC2   0x000fde       data     extern libdev18f2550_a-pic18f2550.asm
                     _PR2   0x000fcb       data     extern libdev18f2550_a-pic18f2550.asm
                 _PREINC0   0x000fec       data     extern libdev18f2550_a-pic18f2550.asm
                 _PREINC1   0x000fe4       data     extern libdev18f2550_a-pic18f2550.asm
                 _PREINC2   0x000fdc       data     extern libdev18f2550_a-pic18f2550.asm
                    _PROD   0x000ff3       data     extern libdev18f2550_a-pic18f2550.asm
                   _PRODH   0x000ff4       data     extern libdev18f2550_a-pic18f2550.asm
                   _PRODL   0x000ff3       data     extern libdev18f2550_a-pic18f2550.asm
                    _RCON   0x000fd0       data     extern libdev18f2550_a-pic18f2550.asm
                _RCONbits   0x000fd0       data     extern libdev18f2550_a-pic18f2550.asm
                   _RCREG   0x000fae       data     extern libdev18f2550_a-pic18f2550.asm
                   _RCSTA   0x000fab       data     extern libdev18f2550_a-pic18f2550.asm
               _RCSTAbits   0x000fab       data     extern libdev18f2550_a-pic18f2550.asm
                   _SPBRG   0x000faf       data     extern libdev18f2550_a-pic18f2550.asm
                  _SPBRGH   0x000fb0       data     extern libdev18f2550_a-pic18f2550.asm
                  _SSPADD   0x000fc8       data     extern libdev18f2550_a-pic18f2550.asm
                  _SSPBUF   0x000fc9       data     extern libdev18f2550_a-pic18f2550.asm
                 _SSPCON1   0x000fc6       data     extern libdev18f2550_a-pic18f2550.asm
             _SSPCON1bits   0x000fc6       data     extern libdev18f2550_a-pic18f2550.asm
                 _SSPCON2   0x000fc5       data     extern libdev18f2550_a-pic18f2550.asm
             _SSPCON2bits   0x000fc5       data     extern libdev18f2550_a-pic18f2550.asm
                 _SSPSTAT   0x000fc7       data     extern libdev18f2550_a-pic18f2550.asm
             _SSPSTATbits   0x000fc7       data     extern libdev18f2550_a-pic18f2550.asm
                  _STATUS   0x000fd8       data     extern libdev18f2550_a-pic18f2550.asm
              _STATUSbits   0x000fd8       data     extern libdev18f2550_a-pic18f2550.asm
                  _STKPTR   0x000ffc       data     extern libdev18f2550_a-pic18f2550.asm
              _STKPTRbits   0x000ffc       data     extern libdev18f2550_a-pic18f2550.asm
                   _T0CON   0x000fd5       data     extern libdev18f2550_a-pic18f2550.asm
               _T0CONbits   0x000fd5       data     extern libdev18f2550_a-pic18f2550.asm
                   _T1CON   0x000fcd       data     extern libdev18f2550_a-pic18f2550.asm
               _T1CONbits   0x000fcd       data     extern libdev18f2550_a-pic18f2550.asm
                   _T2CON   0x000fca       data     extern libdev18f2550_a-pic18f2550.asm
               _T2CONbits   0x000fca       data     extern libdev18f2550_a-pic18f2550.asm
                   _T3CON   0x000fb1       data     extern libdev18f2550_a-pic18f2550.asm
               _T3CONbits   0x000fb1       data     extern libdev18f2550_a-pic18f2550.asm
                  _TABLAT   0x000ff5       data     extern libdev18f2550_a-pic18f2550.asm
                  _TBLPTR   0x000ff6       data     extern libdev18f2550_a-pic18f2550.asm
                 _TBLPTRH   0x000ff7       data     extern libdev18f2550_a-pic18f2550.asm
                 _TBLPTRL   0x000ff6       data     extern libdev18f2550_a-pic18f2550.asm
                 _TBLPTRU   0x000ff8       data     extern libdev18f2550_a-pic18f2550.asm
                    _TMR0   0x000fd6       data     extern libdev18f2550_a-pic18f2550.asm
                   _TMR0H   0x000fd7       data     extern libdev18f2550_a-pic18f2550.asm
                   _TMR0L   0x000fd6       data     extern libdev18f2550_a-pic18f2550.asm
                    _TMR1   0x000fce       data     extern libdev18f2550_a-pic18f2550.asm
                   _TMR1H   0x000fcf       data     extern libdev18f2550_a-pic18f2550.asm
                   _TMR1L   0x000fce       data     extern libdev18f2550_a-pic18f2550.asm
                    _TMR2   0x000fcc       data     extern libdev18f2550_a-pic18f2550.asm
                    _TMR3   0x000fb2       data     extern libdev18f2550_a-pic18f2550.asm
                   _TMR3H   0x000fb3       data     extern libdev18f2550_a-pic18f2550.asm
                   _TMR3L   0x000fb2       data     extern libdev18f2550_a-pic18f2550.asm
                     _TOS   0x000ffd       data     extern libdev18f2550_a-pic18f2550.asm
                    _TOSH   0x000ffe       data     extern libdev18f2550_a-pic18f2550.asm
                    _TOSL   0x000ffd       data     extern libdev18f2550_a-pic18f2550.asm
                    _TOSU   0x000fff       data     extern libdev18f2550_a-pic18f2550.asm
                   _TRISA   0x000f92       data     extern libdev18f2550_a-pic18f2550.asm
               _TRISAbits   0x000f92       data     extern libdev18f2550_a-pic18f2550.asm
                   _TRISB   0x000f93       data     extern libdev18f2550_a-pic18f2550.asm
               _TRISBbits   0x000f93       data     extern libdev18f2550_a-pic18f2550.asm
                   _TRISC   0x000f94       data     extern libdev18f2550_a-pic18f2550.asm
               _TRISCbits   0x000f94       data     extern libdev18f2550_a-pic18f2550.asm
                   _TXREG   0x000fad       data     extern libdev18f2550_a-pic18f2550.asm
                   _TXSTA   0x000fac       data     extern libdev18f2550_a-pic18f2550.asm
               _TXSTAbits   0x000fac       data     extern libdev18f2550_a-pic18f2550.asm
                   _UADDR   0x000f6e       data     extern libdev18f2550_a-pic18f2550.asm
               _UADDRbits   0x000f6e       data     extern libdev18f2550_a-pic18f2550.asm
                    _UCFG   0x000f6f       data     extern libdev18f2550_a-pic18f2550.asm
                _UCFGbits   0x000f6f       data     extern libdev18f2550_a-pic18f2550.asm
                    _UCON   0x000f6d       data     extern libdev18f2550_a-pic18f2550.asm
                _UCONbits   0x000f6d       data     extern libdev18f2550_a-pic18f2550.asm
                    _UEIE   0x000f6b       data     extern libdev18f2550_a-pic18f2550.asm
                _UEIEbits   0x000f6b       data     extern libdev18f2550_a-pic18f2550.asm
                    _UEIR   0x000f6a       data     extern libdev18f2550_a-pic18f2550.asm
                _UEIRbits   0x000f6a       data     extern libdev18f2550_a-pic18f2550.asm
                    _UEP0   0x000f70       data     extern libdev18f2550_a-pic18f2550.asm
                _UEP0bits   0x000f70       data     extern libdev18f2550_a-pic18f2550.asm
                    _UEP1   0x000f71       data     extern libdev18f2550_a-pic18f2550.asm
                   _UEP10   0x000f7a       data     extern libdev18f2550_a-pic18f2550.asm
               _UEP10bits   0x000f7a       data     extern libdev18f2550_a-pic18f2550.asm
                   _UEP11   0x000f7b       data     extern libdev18f2550_a-pic18f2550.asm
               _UEP11bits   0x000f7b       data     extern libdev18f2550_a-pic18f2550.asm
                   _UEP12   0x000f7c       data     extern libdev18f2550_a-pic18f2550.asm
               _UEP12bits   0x000f7c       data     extern libdev18f2550_a-pic18f2550.asm
                   _UEP13   0x000f7d       data     extern libdev18f2550_a-pic18f2550.asm
               _UEP13bits   0x000f7d       data     extern libdev18f2550_a-pic18f2550.asm
                   _UEP14   0x000f7e       data     extern libdev18f2550_a-pic18f2550.asm
               _UEP14bits   0x000f7e       data     extern libdev18f2550_a-pic18f2550.asm
                   _UEP15   0x000f7f       data     extern libdev18f2550_a-pic18f2550.asm
               _UEP15bits   0x000f7f       data     extern libdev18f2550_a-pic18f2550.asm
                _UEP1bits   0x000f71       data     extern libdev18f2550_a-pic18f2550.asm
                    _UEP2   0x000f72       data     extern libdev18f2550_a-pic18f2550.asm
                _UEP2bits   0x000f72       data     extern libdev18f2550_a-pic18f2550.asm
                    _UEP3   0x000f73       data     extern libdev18f2550_a-pic18f2550.asm
                _UEP3bits   0x000f73       data     extern libdev18f2550_a-pic18f2550.asm
                    _UEP4   0x000f74       data     extern libdev18f2550_a-pic18f2550.asm
                _UEP4bits   0x000f74       data     extern libdev18f2550_a-pic18f2550.asm
                    _UEP5   0x000f75       data     extern libdev18f2550_a-pic18f2550.asm
                _UEP5bits   0x000f75       data     extern libdev18f2550_a-pic18f2550.asm
                    _UEP6   0x000f76       data     extern libdev18f2550_a-pic18f2550.asm
                _UEP6bits   0x000f76       data     extern libdev18f2550_a-pic18f2550.asm
                    _UEP7   0x000f77       data     extern libdev18f2550_a-pic18f2550.asm
                _UEP7bits   0x000f77       data     extern libdev18f2550_a-pic18f2550.asm
                    _UEP8   0x000f78       data     extern libdev18f2550_a-pic18f2550.asm
                _UEP8bits   0x000f78       data     extern libdev18f2550_a-pic18f2550.asm
                    _UEP9   0x000f79       data     extern libdev18f2550_a-pic18f2550.asm
                _UEP9bits   0x000f79       data     extern libdev18f2550_a-pic18f2550.asm
                    _UFRM   0x000f66       data     extern libdev18f2550_a-pic18f2550.asm
                   _UFRMH   0x000f67       data     extern libdev18f2550_a-pic18f2550.asm
               _UFRMHbits   0x000f67       data     extern libdev18f2550_a-pic18f2550.asm
                   _UFRML   0x000f66       data     extern libdev18f2550_a-pic18f2550.asm
               _UFRMLbits   0x000f66       data     extern libdev18f2550_a-pic18f2550.asm
                     _UIE   0x000f69       data     extern libdev18f2550_a-pic18f2550.asm
                 _UIEbits   0x000f69       data     extern libdev18f2550_a-pic18f2550.asm
                     _UIR   0x000f68       data     extern libdev18f2550_a-pic18f2550.asm
                 _UIRbits   0x000f68       data     extern libdev18f2550_a-pic18f2550.asm
            _USART_Status   0x000061       data     extern libio18f2550_a-usartd.asm
                   _USTAT   0x000f6c       data     extern libdev18f2550_a-pic18f2550.asm
               _USTATbits   0x000f6c       data     extern libdev18f2550_a-pic18f2550.asm
                  _WDTCON   0x000fd1       data     extern libdev18f2550_a-pic18f2550.asm
              _WDTCONbits   0x000fd1       data     extern libdev18f2550_a-pic18f2550.asm
                    _WREG   0x000fe8       data     extern libdev18f2550_a-pic18f2550.asm
       ___config__lines__   0x0003f2    program     static main.c
                ___uflags   0x000060       data     extern crt0iz.asm
                  __entry   0x000000    program     extern crt0iz.asm
                __startup   0x000146    program     extern crt0iz.asm
                    _buff   0x000020    program     extern main.c
                   _cinit   0x0003da    program     extern main.c
          _high_interrupt   0x00031c    program     static main.c
           _low_interrupt   0x0002ca    program     static main.c
                    _main   0x00026e    program     extern main.c
               _port_init   0x0003a0    program     extern main.c
             _serial_init   0x00036e    program     extern main.c
                   _stack   0x000400       data     extern stack/stack.S
               _stack_end   0x0004ff       data     extern stack/stack.S
              _usart_busy   0x0003e8    program     extern libio18f2550_a-ubusy.asm
              _usart_open   0x0001f2    program     extern libio18f2550_a-uopen.asm
              _usart_putc   0x0003ca    program     extern libio18f2550_a-uputc.asm
               clear_loop   0x00015c    program     static crt0iz.asm
                copy_loop   0x0001ca    program     static crt0iz.asm
            copy_loop_dec   0x0001d0    program     static crt0iz.asm
               entry_loop   0x00017c    program     static crt0iz.asm
           entry_loop_dec   0x0001e4    program     static crt0iz.asm
  ivec_0x1_high_interrupt   0x000008    program     static main.c
   ivec_0x2_low_interrupt   0x000018    program     static main.c
                   lockup   0x0001f0    program     static crt0iz.asm
                    r0x00   0x000000       data     static main.c
                    r0x00   0x000000       data     static libio18f2550_a-uopen.asm
                    r0x01   0x000001       data     static main.c
                    r0x01   0x000001       data     static libio18f2550_a-uopen.asm
                    r0x02   0x000002       data     static main.c
                    r0x02   0x000002       data     static libio18f2550_a-uopen.asm
                    r0x03   0x000003       data     static main.c
                    r0x04   0x000004       data     static main.c



                              Symbols - Sorted by Address
                     Name    Address   Location    Storage File
                ---------  ---------  ---------  --------- ---------
                  __entry   0x000000    program     extern crt0iz.asm
                    r0x00   0x000000       data     static main.c
                    r0x00   0x000000       data     static libio18f2550_a-uopen.asm
                    r0x01   0x000001       data     static main.c
                    r0x01   0x000001       data     static libio18f2550_a-uopen.asm
                    r0x02   0x000002       data     static main.c
                    r0x02   0x000002       data     static libio18f2550_a-uopen.asm
                    r0x03   0x000003       data     static main.c
                    r0x04   0x000004       data     static main.c
  ivec_0x1_high_interrupt   0x000008    program     static main.c
   ivec_0x2_low_interrupt   0x000018    program     static main.c
                    _buff   0x000020    program     extern main.c
                ___uflags   0x000060       data     extern crt0iz.asm
            _USART_Status   0x000061       data     extern libio18f2550_a-usartd.asm
                __startup   0x000146    program     extern crt0iz.asm
               clear_loop   0x00015c    program     static crt0iz.asm
               entry_loop   0x00017c    program     static crt0iz.asm
                copy_loop   0x0001ca    program     static crt0iz.asm
            copy_loop_dec   0x0001d0    program     static crt0iz.asm
           entry_loop_dec   0x0001e4    program     static crt0iz.asm
                   lockup   0x0001f0    program     static crt0iz.asm
              _usart_open   0x0001f2    program     extern libio18f2550_a-uopen.asm
               _00108_DS_   0x00021c    program     static libio18f2550_a-uopen.asm
               _00110_DS_   0x000222    program     static libio18f2550_a-uopen.asm
               _00112_DS_   0x00022a    program     static libio18f2550_a-uopen.asm
               _00113_DS_   0x00022c    program     static libio18f2550_a-uopen.asm
               _00115_DS_   0x000236    program     static libio18f2550_a-uopen.asm
               _00116_DS_   0x000238    program     static libio18f2550_a-uopen.asm
               _00118_DS_   0x000242    program     static libio18f2550_a-uopen.asm
               _00119_DS_   0x000244    program     static libio18f2550_a-uopen.asm
               _00121_DS_   0x00024e    program     static libio18f2550_a-uopen.asm
               _00122_DS_   0x000250    program     static libio18f2550_a-uopen.asm
                    _main   0x00026e    program     extern main.c
               _00133_DS_   0x00027e    program     static main.c
               _00155_DS_   0x0002a2    program     static main.c
               _00156_DS_   0x0002a6    program     static main.c
               _00165_DS_   0x0002ac    program     static main.c
               _00163_DS_   0x0002b0    program     static main.c
               _00161_DS_   0x0002b4    program     static main.c
               _00146_DS_   0x0002b8    program     static main.c
           _low_interrupt   0x0002ca    program     static main.c
          _high_interrupt   0x00031c    program     static main.c
             _serial_init   0x00036e    program     extern main.c
               _00121_DS_   0x000390    program     static main.c
               _port_init   0x0003a0    program     extern main.c
              _usart_putc   0x0003ca    program     extern libio18f2550_a-uputc.asm
                     _01_   0x0003d6    program     static libio18f2550_a-uputc.asm
                   _cinit   0x0003da    program     extern main.c
              _usart_busy   0x0003e8    program     extern libio18f2550_a-ubusy.asm
       ___config__lines__   0x0003f2    program     static main.c
                   _stack   0x000400       data     extern stack/stack.S
               _stack_end   0x0004ff       data     extern stack/stack.S
                    _UFRM   0x000f66       data     extern libdev18f2550_a-pic18f2550.asm
                   _UFRML   0x000f66       data     extern libdev18f2550_a-pic18f2550.asm
               _UFRMLbits   0x000f66       data     extern libdev18f2550_a-pic18f2550.asm
                   _UFRMH   0x000f67       data     extern libdev18f2550_a-pic18f2550.asm
               _UFRMHbits   0x000f67       data     extern libdev18f2550_a-pic18f2550.asm
                     _UIR   0x000f68       data     extern libdev18f2550_a-pic18f2550.asm
                 _UIRbits   0x000f68       data     extern libdev18f2550_a-pic18f2550.asm
                     _UIE   0x000f69       data     extern libdev18f2550_a-pic18f2550.asm
                 _UIEbits   0x000f69       data     extern libdev18f2550_a-pic18f2550.asm
                    _UEIR   0x000f6a       data     extern libdev18f2550_a-pic18f2550.asm
                _UEIRbits   0x000f6a       data     extern libdev18f2550_a-pic18f2550.asm
                    _UEIE   0x000f6b       data     extern libdev18f2550_a-pic18f2550.asm
                _UEIEbits   0x000f6b       data     extern libdev18f2550_a-pic18f2550.asm
                   _USTAT   0x000f6c       data     extern libdev18f2550_a-pic18f2550.asm
               _USTATbits   0x000f6c       data     extern libdev18f2550_a-pic18f2550.asm
                    _UCON   0x000f6d       data     extern libdev18f2550_a-pic18f2550.asm
                _UCONbits   0x000f6d       data     extern libdev18f2550_a-pic18f2550.asm
                   _UADDR   0x000f6e       data     extern libdev18f2550_a-pic18f2550.asm
               _UADDRbits   0x000f6e       data     extern libdev18f2550_a-pic18f2550.asm
                    _UCFG   0x000f6f       data     extern libdev18f2550_a-pic18f2550.asm
                _UCFGbits   0x000f6f       data     extern libdev18f2550_a-pic18f2550.asm
                    _UEP0   0x000f70       data     extern libdev18f2550_a-pic18f2550.asm
                _UEP0bits   0x000f70       data     extern libdev18f2550_a-pic18f2550.asm
                    _UEP1   0x000f71       data     extern libdev18f2550_a-pic18f2550.asm
                _UEP1bits   0x000f71       data     extern libdev18f2550_a-pic18f2550.asm
                    _UEP2   0x000f72       data     extern libdev18f2550_a-pic18f2550.asm
                _UEP2bits   0x000f72       data     extern libdev18f2550_a-pic18f2550.asm
                    _UEP3   0x000f73       data     extern libdev18f2550_a-pic18f2550.asm
                _UEP3bits   0x000f73       data     extern libdev18f2550_a-pic18f2550.asm
                    _UEP4   0x000f74       data     extern libdev18f2550_a-pic18f2550.asm
                _UEP4bits   0x000f74       data     extern libdev18f2550_a-pic18f2550.asm
                    _UEP5   0x000f75       data     extern libdev18f2550_a-pic18f2550.asm
                _UEP5bits   0x000f75       data     extern libdev18f2550_a-pic18f2550.asm
                    _UEP6   0x000f76       data     extern libdev18f2550_a-pic18f2550.asm
                _UEP6bits   0x000f76       data     extern libdev18f2550_a-pic18f2550.asm
                    _UEP7   0x000f77       data     extern libdev18f2550_a-pic18f2550.asm
                _UEP7bits   0x000f77       data     extern libdev18f2550_a-pic18f2550.asm
                    _UEP8   0x000f78       data     extern libdev18f2550_a-pic18f2550.asm
                _UEP8bits   0x000f78       data     extern libdev18f2550_a-pic18f2550.asm
                    _UEP9   0x000f79       data     extern libdev18f2550_a-pic18f2550.asm
                _UEP9bits   0x000f79       data     extern libdev18f2550_a-pic18f2550.asm
                   _UEP10   0x000f7a       data     extern libdev18f2550_a-pic18f2550.asm
               _UEP10bits   0x000f7a       data     extern libdev18f2550_a-pic18f2550.asm
                   _UEP11   0x000f7b       data     extern libdev18f2550_a-pic18f2550.asm
               _UEP11bits   0x000f7b       data     extern libdev18f2550_a-pic18f2550.asm
                   _UEP12   0x000f7c       data     extern libdev18f2550_a-pic18f2550.asm
               _UEP12bits   0x000f7c       data     extern libdev18f2550_a-pic18f2550.asm
                   _UEP13   0x000f7d       data     extern libdev18f2550_a-pic18f2550.asm
               _UEP13bits   0x000f7d       data     extern libdev18f2550_a-pic18f2550.asm
                   _UEP14   0x000f7e       data     extern libdev18f2550_a-pic18f2550.asm
               _UEP14bits   0x000f7e       data     extern libdev18f2550_a-pic18f2550.asm
                   _UEP15   0x000f7f       data     extern libdev18f2550_a-pic18f2550.asm
               _UEP15bits   0x000f7f       data     extern libdev18f2550_a-pic18f2550.asm
                   _PORTA   0x000f80       data     extern libdev18f2550_a-pic18f2550.asm
               _PORTAbits   0x000f80       data     extern libdev18f2550_a-pic18f2550.asm
                   _PORTB   0x000f81       data     extern libdev18f2550_a-pic18f2550.asm
               _PORTBbits   0x000f81       data     extern libdev18f2550_a-pic18f2550.asm
                   _PORTC   0x000f82       data     extern libdev18f2550_a-pic18f2550.asm
               _PORTCbits   0x000f82       data     extern libdev18f2550_a-pic18f2550.asm
                   _PORTE   0x000f84       data     extern libdev18f2550_a-pic18f2550.asm
               _PORTEbits   0x000f84       data     extern libdev18f2550_a-pic18f2550.asm
                    _LATA   0x000f89       data     extern libdev18f2550_a-pic18f2550.asm
                _LATAbits   0x000f89       data     extern libdev18f2550_a-pic18f2550.asm
                    _LATB   0x000f8a       data     extern libdev18f2550_a-pic18f2550.asm
                _LATBbits   0x000f8a       data     extern libdev18f2550_a-pic18f2550.asm
                    _LATC   0x000f8b       data     extern libdev18f2550_a-pic18f2550.asm
                _LATCbits   0x000f8b       data     extern libdev18f2550_a-pic18f2550.asm
                    _DDRA   0x000f92       data     extern libdev18f2550_a-pic18f2550.asm
                _DDRAbits   0x000f92       data     extern libdev18f2550_a-pic18f2550.asm
                   _TRISA   0x000f92       data     extern libdev18f2550_a-pic18f2550.asm
               _TRISAbits   0x000f92       data     extern libdev18f2550_a-pic18f2550.asm
                    _DDRB   0x000f93       data     extern libdev18f2550_a-pic18f2550.asm
                _DDRBbits   0x000f93       data     extern libdev18f2550_a-pic18f2550.asm
                   _TRISB   0x000f93       data     extern libdev18f2550_a-pic18f2550.asm
               _TRISBbits   0x000f93       data     extern libdev18f2550_a-pic18f2550.asm
                    _DDRC   0x000f94       data     extern libdev18f2550_a-pic18f2550.asm
                _DDRCbits   0x000f94       data     extern libdev18f2550_a-pic18f2550.asm
                   _TRISC   0x000f94       data     extern libdev18f2550_a-pic18f2550.asm
               _TRISCbits   0x000f94       data     extern libdev18f2550_a-pic18f2550.asm
                 _OSCTUNE   0x000f9b       data     extern libdev18f2550_a-pic18f2550.asm
             _OSCTUNEbits   0x000f9b       data     extern libdev18f2550_a-pic18f2550.asm
                    _PIE1   0x000f9d       data     extern libdev18f2550_a-pic18f2550.asm
                _PIE1bits   0x000f9d       data     extern libdev18f2550_a-pic18f2550.asm
                    _PIR1   0x000f9e       data     extern libdev18f2550_a-pic18f2550.asm
                _PIR1bits   0x000f9e       data     extern libdev18f2550_a-pic18f2550.asm
                    _IPR1   0x000f9f       data     extern libdev18f2550_a-pic18f2550.asm
                _IPR1bits   0x000f9f       data     extern libdev18f2550_a-pic18f2550.asm
                    _PIE2   0x000fa0       data     extern libdev18f2550_a-pic18f2550.asm
                _PIE2bits   0x000fa0       data     extern libdev18f2550_a-pic18f2550.asm
                    _PIR2   0x000fa1       data     extern libdev18f2550_a-pic18f2550.asm
                _PIR2bits   0x000fa1       data     extern libdev18f2550_a-pic18f2550.asm
                    _IPR2   0x000fa2       data     extern libdev18f2550_a-pic18f2550.asm
                _IPR2bits   0x000fa2       data     extern libdev18f2550_a-pic18f2550.asm
                  _EECON1   0x000fa6       data     extern libdev18f2550_a-pic18f2550.asm
              _EECON1bits   0x000fa6       data     extern libdev18f2550_a-pic18f2550.asm
                  _EECON2   0x000fa7       data     extern libdev18f2550_a-pic18f2550.asm
                  _EEDATA   0x000fa8       data     extern libdev18f2550_a-pic18f2550.asm
                   _EEADR   0x000fa9       data     extern libdev18f2550_a-pic18f2550.asm
                   _RCSTA   0x000fab       data     extern libdev18f2550_a-pic18f2550.asm
               _RCSTAbits   0x000fab       data     extern libdev18f2550_a-pic18f2550.asm
                   _TXSTA   0x000fac       data     extern libdev18f2550_a-pic18f2550.asm
               _TXSTAbits   0x000fac       data     extern libdev18f2550_a-pic18f2550.asm
                   _TXREG   0x000fad       data     extern libdev18f2550_a-pic18f2550.asm
                   _RCREG   0x000fae       data     extern libdev18f2550_a-pic18f2550.asm
                   _SPBRG   0x000faf       data     extern libdev18f2550_a-pic18f2550.asm
                  _SPBRGH   0x000fb0       data     extern libdev18f2550_a-pic18f2550.asm
                   _T3CON   0x000fb1       data     extern libdev18f2550_a-pic18f2550.asm
               _T3CONbits   0x000fb1       data     extern libdev18f2550_a-pic18f2550.asm
                    _TMR3   0x000fb2       data     extern libdev18f2550_a-pic18f2550.asm
                   _TMR3L   0x000fb2       data     extern libdev18f2550_a-pic18f2550.asm
                   _TMR3H   0x000fb3       data     extern libdev18f2550_a-pic18f2550.asm
                   _CMCON   0x000fb4       data     extern libdev18f2550_a-pic18f2550.asm
               _CMCONbits   0x000fb4       data     extern libdev18f2550_a-pic18f2550.asm
                  _CVRCON   0x000fb5       data     extern libdev18f2550_a-pic18f2550.asm
              _CVRCONbits   0x000fb5       data     extern libdev18f2550_a-pic18f2550.asm
                  _CCP1AS   0x000fb6       data     extern libdev18f2550_a-pic18f2550.asm
              _CCP1ASbits   0x000fb6       data     extern libdev18f2550_a-pic18f2550.asm
                 _ECCP1AS   0x000fb6       data     extern libdev18f2550_a-pic18f2550.asm
             _ECCP1ASbits   0x000fb6       data     extern libdev18f2550_a-pic18f2550.asm
                 _CCP1DEL   0x000fb7       data     extern libdev18f2550_a-pic18f2550.asm
             _CCP1DELbits   0x000fb7       data     extern libdev18f2550_a-pic18f2550.asm
                _ECCP1DEL   0x000fb7       data     extern libdev18f2550_a-pic18f2550.asm
            _ECCP1DELbits   0x000fb7       data     extern libdev18f2550_a-pic18f2550.asm
                 _BAUDCON   0x000fb8       data     extern libdev18f2550_a-pic18f2550.asm
             _BAUDCONbits   0x000fb8       data     extern libdev18f2550_a-pic18f2550.asm
                 _BAUDCTL   0x000fb8       data     extern libdev18f2550_a-pic18f2550.asm
             _BAUDCTLbits   0x000fb8       data     extern libdev18f2550_a-pic18f2550.asm
                 _CCP2CON   0x000fba       data     extern libdev18f2550_a-pic18f2550.asm
             _CCP2CONbits   0x000fba       data     extern libdev18f2550_a-pic18f2550.asm
                   _CCPR2   0x000fbb       data     extern libdev18f2550_a-pic18f2550.asm
                  _CCPR2L   0x000fbb       data     extern libdev18f2550_a-pic18f2550.asm
                  _CCPR2H   0x000fbc       data     extern libdev18f2550_a-pic18f2550.asm
                 _CCP1CON   0x000fbd       data     extern libdev18f2550_a-pic18f2550.asm
             _CCP1CONbits   0x000fbd       data     extern libdev18f2550_a-pic18f2550.asm
                   _CCPR1   0x000fbe       data     extern libdev18f2550_a-pic18f2550.asm
                  _CCPR1L   0x000fbe       data     extern libdev18f2550_a-pic18f2550.asm
                  _CCPR1H   0x000fbf       data     extern libdev18f2550_a-pic18f2550.asm
                  _ADCON2   0x000fc0       data     extern libdev18f2550_a-pic18f2550.asm
              _ADCON2bits   0x000fc0       data     extern libdev18f2550_a-pic18f2550.asm
                  _ADCON1   0x000fc1       data     extern libdev18f2550_a-pic18f2550.asm
              _ADCON1bits   0x000fc1       data     extern libdev18f2550_a-pic18f2550.asm
                  _ADCON0   0x000fc2       data     extern libdev18f2550_a-pic18f2550.asm
              _ADCON0bits   0x000fc2       data     extern libdev18f2550_a-pic18f2550.asm
                   _ADRES   0x000fc3       data     extern libdev18f2550_a-pic18f2550.asm
                  _ADRESL   0x000fc3       data     extern libdev18f2550_a-pic18f2550.asm
                  _ADRESH   0x000fc4       data     extern libdev18f2550_a-pic18f2550.asm
                 _SSPCON2   0x000fc5       data     extern libdev18f2550_a-pic18f2550.asm
             _SSPCON2bits   0x000fc5       data     extern libdev18f2550_a-pic18f2550.asm
                 _SSPCON1   0x000fc6       data     extern libdev18f2550_a-pic18f2550.asm
             _SSPCON1bits   0x000fc6       data     extern libdev18f2550_a-pic18f2550.asm
                 _SSPSTAT   0x000fc7       data     extern libdev18f2550_a-pic18f2550.asm
             _SSPSTATbits   0x000fc7       data     extern libdev18f2550_a-pic18f2550.asm
                  _SSPADD   0x000fc8       data     extern libdev18f2550_a-pic18f2550.asm
                  _SSPBUF   0x000fc9       data     extern libdev18f2550_a-pic18f2550.asm
                   _T2CON   0x000fca       data     extern libdev18f2550_a-pic18f2550.asm
               _T2CONbits   0x000fca       data     extern libdev18f2550_a-pic18f2550.asm
                     _PR2   0x000fcb       data     extern libdev18f2550_a-pic18f2550.asm
                    _TMR2   0x000fcc       data     extern libdev18f2550_a-pic18f2550.asm
                   _T1CON   0x000fcd       data     extern libdev18f2550_a-pic18f2550.asm
               _T1CONbits   0x000fcd       data     extern libdev18f2550_a-pic18f2550.asm
                    _TMR1   0x000fce       data     extern libdev18f2550_a-pic18f2550.asm
                   _TMR1L   0x000fce       data     extern libdev18f2550_a-pic18f2550.asm
                   _TMR1H   0x000fcf       data     extern libdev18f2550_a-pic18f2550.asm
                    _RCON   0x000fd0       data     extern libdev18f2550_a-pic18f2550.asm
                _RCONbits   0x000fd0       data     extern libdev18f2550_a-pic18f2550.asm
                  _WDTCON   0x000fd1       data     extern libdev18f2550_a-pic18f2550.asm
              _WDTCONbits   0x000fd1       data     extern libdev18f2550_a-pic18f2550.asm
                 _HLVDCON   0x000fd2       data     extern libdev18f2550_a-pic18f2550.asm
             _HLVDCONbits   0x000fd2       data     extern libdev18f2550_a-pic18f2550.asm
                  _LVDCON   0x000fd2       data     extern libdev18f2550_a-pic18f2550.asm
              _LVDCONbits   0x000fd2       data     extern libdev18f2550_a-pic18f2550.asm
                  _OSCCON   0x000fd3       data     extern libdev18f2550_a-pic18f2550.asm
              _OSCCONbits   0x000fd3       data     extern libdev18f2550_a-pic18f2550.asm
                   _T0CON   0x000fd5       data     extern libdev18f2550_a-pic18f2550.asm
               _T0CONbits   0x000fd5       data     extern libdev18f2550_a-pic18f2550.asm
                    _TMR0   0x000fd6       data     extern libdev18f2550_a-pic18f2550.asm
                   _TMR0L   0x000fd6       data     extern libdev18f2550_a-pic18f2550.asm
                   _TMR0H   0x000fd7       data     extern libdev18f2550_a-pic18f2550.asm
                  _STATUS   0x000fd8       data     extern libdev18f2550_a-pic18f2550.asm
              _STATUSbits   0x000fd8       data     extern libdev18f2550_a-pic18f2550.asm
                   _FSR2L   0x000fd9       data     extern libdev18f2550_a-pic18f2550.asm
                   _FSR2H   0x000fda       data     extern libdev18f2550_a-pic18f2550.asm
                  _PLUSW2   0x000fdb       data     extern libdev18f2550_a-pic18f2550.asm
                 _PREINC2   0x000fdc       data     extern libdev18f2550_a-pic18f2550.asm
                _POSTDEC2   0x000fdd       data     extern libdev18f2550_a-pic18f2550.asm
                _POSTINC2   0x000fde       data     extern libdev18f2550_a-pic18f2550.asm
                   _INDF2   0x000fdf       data     extern libdev18f2550_a-pic18f2550.asm
                     _BSR   0x000fe0       data     extern libdev18f2550_a-pic18f2550.asm
                   _FSR1L   0x000fe1       data     extern libdev18f2550_a-pic18f2550.asm
                   _FSR1H   0x000fe2       data     extern libdev18f2550_a-pic18f2550.asm
                  _PLUSW1   0x000fe3       data     extern libdev18f2550_a-pic18f2550.asm
                 _PREINC1   0x000fe4       data     extern libdev18f2550_a-pic18f2550.asm
                _POSTDEC1   0x000fe5       data     extern libdev18f2550_a-pic18f2550.asm
                _POSTINC1   0x000fe6       data     extern libdev18f2550_a-pic18f2550.asm
                   _INDF1   0x000fe7       data     extern libdev18f2550_a-pic18f2550.asm
                    _WREG   0x000fe8       data     extern libdev18f2550_a-pic18f2550.asm
                   _FSR0L   0x000fe9       data     extern libdev18f2550_a-pic18f2550.asm
                   _FSR0H   0x000fea       data     extern libdev18f2550_a-pic18f2550.asm
                  _PLUSW0   0x000feb       data     extern libdev18f2550_a-pic18f2550.asm
                 _PREINC0   0x000fec       data     extern libdev18f2550_a-pic18f2550.asm
                _POSTDEC0   0x000fed       data     extern libdev18f2550_a-pic18f2550.asm
                _POSTINC0   0x000fee       data     extern libdev18f2550_a-pic18f2550.asm
                   _INDF0   0x000fef       data     extern libdev18f2550_a-pic18f2550.asm
                 _INTCON3   0x000ff0       data     extern libdev18f2550_a-pic18f2550.asm
             _INTCON3bits   0x000ff0       data     extern libdev18f2550_a-pic18f2550.asm
                 _INTCON2   0x000ff1       data     extern libdev18f2550_a-pic18f2550.asm
             _INTCON2bits   0x000ff1       data     extern libdev18f2550_a-pic18f2550.asm
                  _INTCON   0x000ff2       data     extern libdev18f2550_a-pic18f2550.asm
              _INTCONbits   0x000ff2       data     extern libdev18f2550_a-pic18f2550.asm
                    _PROD   0x000ff3       data     extern libdev18f2550_a-pic18f2550.asm
                   _PRODL   0x000ff3       data     extern libdev18f2550_a-pic18f2550.asm
                   _PRODH   0x000ff4       data     extern libdev18f2550_a-pic18f2550.asm
                  _TABLAT   0x000ff5       data     extern libdev18f2550_a-pic18f2550.asm
                  _TBLPTR   0x000ff6       data     extern libdev18f2550_a-pic18f2550.asm
                 _TBLPTRL   0x000ff6       data     extern libdev18f2550_a-pic18f2550.asm
                 _TBLPTRH   0x000ff7       data     extern libdev18f2550_a-pic18f2550.asm
                 _TBLPTRU   0x000ff8       data     extern libdev18f2550_a-pic18f2550.asm
                      _PC   0x000ff9       data     extern libdev18f2550_a-pic18f2550.asm
                     _PCL   0x000ff9       data     extern libdev18f2550_a-pic18f2550.asm
                  _PCLATH   0x000ffa       data     extern libdev18f2550_a-pic18f2550.asm
                  _PCLATU   0x000ffb       data     extern libdev18f2550_a-pic18f2550.asm
                  _STKPTR   0x000ffc       data     extern libdev18f2550_a-pic18f2550.asm
              _STKPTRbits   0x000ffc       data     extern libdev18f2550_a-pic18f2550.asm
                     _TOS   0x000ffd       data     extern libdev18f2550_a-pic18f2550.asm
                    _TOSL   0x000ffd       data     extern libdev18f2550_a-pic18f2550.asm
                    _TOSH   0x000ffe       data     extern libdev18f2550_a-pic18f2550.asm
                    _TOSU   0x000fff       data     extern libdev18f2550_a-pic18f2550.asm


